Component: ARM Compiler 5.06 update 5 (build 528) Tool: armlink [4d35e2]

==============================================================================

Section Cross References

    startup_stm32f10x_md.o(RESET) refers to startup_stm32f10x_md.o(STACK) for __initial_sp
    startup_stm32f10x_md.o(RESET) refers to startup_stm32f10x_md.o(.text) for Reset_Handler
    startup_stm32f10x_md.o(RESET) refers to stm32f10x_it.o(i.NMI_Handler) for NMI_Handler
    startup_stm32f10x_md.o(RESET) refers to stm32f10x_it.o(i.HardFault_Handler) for HardFault_Handler
    startup_stm32f10x_md.o(RESET) refers to stm32f10x_it.o(i.MemManage_Handler) for MemManage_Handler
    startup_stm32f10x_md.o(RESET) refers to stm32f10x_it.o(i.BusFault_Handler) for BusFault_Handler
    startup_stm32f10x_md.o(RESET) refers to stm32f10x_it.o(i.UsageFault_Handler) for UsageFault_Handler
    startup_stm32f10x_md.o(RESET) refers to stm32f10x_it.o(i.SVC_Handler) for SVC_Handler
    startup_stm32f10x_md.o(RESET) refers to stm32f10x_it.o(i.DebugMon_Handler) for DebugMon_Handler
    startup_stm32f10x_md.o(RESET) refers to stm32f10x_it.o(i.PendSV_Handler) for PendSV_Handler
    startup_stm32f10x_md.o(RESET) refers to stm32f10x_it.o(i.SysTick_Handler) for SysTick_Handler
    startup_stm32f10x_md.o(RESET) refers to key.o(i.EXTI1_IRQHandler) for EXTI1_IRQHandler
    startup_stm32f10x_md.o(RESET) refers to key.o(i.EXTI4_IRQHandler) for EXTI4_IRQHandler
    startup_stm32f10x_md.o(RESET) refers to key.o(i.EXTI9_5_IRQHandler) for EXTI9_5_IRQHandler
    startup_stm32f10x_md.o(RESET) refers to serial.o(i.USART1_IRQHandler) for USART1_IRQHandler
    startup_stm32f10x_md.o(RESET) refers to countsenser.o(i.EXTI15_10_IRQHandler) for EXTI15_10_IRQHandler
    startup_stm32f10x_md.o(.text) refers to system_stm32f10x.o(i.SystemInit) for SystemInit
    startup_stm32f10x_md.o(.text) refers to entry.o(.ARM.Collect$$$$00000000) for __main
    system_stm32f10x.o(i.SetSysClock) refers to system_stm32f10x.o(i.SetSysClockTo72) for SetSysClockTo72
    system_stm32f10x.o(i.SystemCoreClockUpdate) refers to system_stm32f10x.o(.data) for SystemCoreClock
    system_stm32f10x.o(i.SystemInit) refers to system_stm32f10x.o(i.SetSysClock) for SetSysClock
    stm32f10x_adc.o(i.ADC_DeInit) refers to stm32f10x_rcc.o(i.RCC_APB2PeriphResetCmd) for RCC_APB2PeriphResetCmd
    stm32f10x_bkp.o(i.BKP_DeInit) refers to stm32f10x_rcc.o(i.RCC_BackupResetCmd) for RCC_BackupResetCmd
    stm32f10x_can.o(i.CAN_DeInit) refers to stm32f10x_rcc.o(i.RCC_APB1PeriphResetCmd) for RCC_APB1PeriphResetCmd
    stm32f10x_can.o(i.CAN_GetITStatus) refers to stm32f10x_can.o(i.CheckITStatus) for CheckITStatus
    stm32f10x_cec.o(i.CEC_DeInit) refers to stm32f10x_rcc.o(i.RCC_APB1PeriphResetCmd) for RCC_APB1PeriphResetCmd
    stm32f10x_dac.o(i.DAC_DeInit) refers to stm32f10x_rcc.o(i.RCC_APB1PeriphResetCmd) for RCC_APB1PeriphResetCmd
    stm32f10x_flash.o(i.FLASH_EnableWriteProtection) refers to stm32f10x_flash.o(i.FLASH_WaitForLastOperation) for FLASH_WaitForLastOperation
    stm32f10x_flash.o(i.FLASH_EraseAllBank1Pages) refers to stm32f10x_flash.o(i.FLASH_WaitForLastBank1Operation) for FLASH_WaitForLastBank1Operation
    stm32f10x_flash.o(i.FLASH_EraseAllPages) refers to stm32f10x_flash.o(i.FLASH_WaitForLastOperation) for FLASH_WaitForLastOperation
    stm32f10x_flash.o(i.FLASH_EraseOptionBytes) refers to stm32f10x_flash.o(i.FLASH_GetReadOutProtectionStatus) for FLASH_GetReadOutProtectionStatus
    stm32f10x_flash.o(i.FLASH_EraseOptionBytes) refers to stm32f10x_flash.o(i.FLASH_WaitForLastOperation) for FLASH_WaitForLastOperation
    stm32f10x_flash.o(i.FLASH_ErasePage) refers to stm32f10x_flash.o(i.FLASH_WaitForLastOperation) for FLASH_WaitForLastOperation
    stm32f10x_flash.o(i.FLASH_ProgramHalfWord) refers to stm32f10x_flash.o(i.FLASH_WaitForLastOperation) for FLASH_WaitForLastOperation
    stm32f10x_flash.o(i.FLASH_ProgramOptionByteData) refers to stm32f10x_flash.o(i.FLASH_WaitForLastOperation) for FLASH_WaitForLastOperation
    stm32f10x_flash.o(i.FLASH_ProgramWord) refers to stm32f10x_flash.o(i.FLASH_WaitForLastOperation) for FLASH_WaitForLastOperation
    stm32f10x_flash.o(i.FLASH_ReadOutProtection) refers to stm32f10x_flash.o(i.FLASH_WaitForLastOperation) for FLASH_WaitForLastOperation
    stm32f10x_flash.o(i.FLASH_UserOptionByteConfig) refers to stm32f10x_flash.o(i.FLASH_WaitForLastOperation) for FLASH_WaitForLastOperation
    stm32f10x_flash.o(i.FLASH_WaitForLastBank1Operation) refers to stm32f10x_flash.o(i.FLASH_GetBank1Status) for FLASH_GetBank1Status
    stm32f10x_flash.o(i.FLASH_WaitForLastOperation) refers to stm32f10x_flash.o(i.FLASH_GetBank1Status) for FLASH_GetBank1Status
    stm32f10x_gpio.o(i.GPIO_AFIODeInit) refers to stm32f10x_rcc.o(i.RCC_APB2PeriphResetCmd) for RCC_APB2PeriphResetCmd
    stm32f10x_gpio.o(i.GPIO_DeInit) refers to stm32f10x_rcc.o(i.RCC_APB2PeriphResetCmd) for RCC_APB2PeriphResetCmd
[...]
    Removing stm32f10x_gpio.o(i.GPIO_PinRemapConfig), (144 bytes).
    Removing stm32f10x_gpio.o(i.GPIO_ReadInputData), (8 bytes).
    Removing stm32f10x_gpio.o(i.GPIO_ReadInputDataBit), (18 bytes).
    Removing stm32f10x_gpio.o(i.GPIO_ReadOutputData), (8 bytes).
    Removing stm32f10x_gpio.o(i.GPIO_ReadOutputDataBit), (18 bytes).
    Removing stm32f10x_gpio.o(i.GPIO_ResetBits), (4 bytes).
    Removing stm32f10x_gpio.o(i.GPIO_SetBits), (4 bytes).
    Removing stm32f10x_gpio.o(i.GPIO_StructInit), (16 bytes).
    Removing stm32f10x_gpio.o(i.GPIO_Write), (4 bytes).
    Removing stm32f10x_i2c.o(i.I2C_ARPCmd), (24 bytes).
    Removing stm32f10x_i2c.o(i.I2C_AcknowledgeConfig), (24 bytes).
    Removing stm32f10x_i2c.o(i.I2C_CalculatePEC), (24 bytes).
    Removing stm32f10x_i2c.o(i.I2C_CheckEvent), (42 bytes).
    Removing stm32f10x_i2c.o(i.I2C_ClearFlag), (12 bytes).
    Removing stm32f10x_i2c.o(i.I2C_ClearITPendingBit), (12 bytes).
    Removing stm32f10x_i2c.o(i.I2C_Cmd), (24 bytes).
    Removing stm32f10x_i2c.o(i.I2C_DMACmd), (24 bytes).
    Removing stm32f10x_i2c.o(i.I2C_DMALastTransferCmd), (24 bytes).
    Removing stm32f10x_i2c.o(i.I2C_DeInit), (56 bytes).
    Removing stm32f10x_i2c.o(i.I2C_DualAddressCmd), (24 bytes).
    Removing stm32f10x_i2c.o(i.I2C_FastModeDutyCycleConfig), (28 bytes).
    Removing stm32f10x_i2c.o(i.I2C_GeneralCallCmd), (24 bytes).
    Removing stm32f10x_i2c.o(i.I2C_GenerateSTART), (24 bytes).
    Removing stm32f10x_i2c.o(i.I2C_GenerateSTOP), (24 bytes).
    Removing stm32f10x_i2c.o(i.I2C_GetFlagStatus), (58 bytes).
    Removing stm32f10x_i2c.o(i.I2C_GetITStatus), (38 bytes).
    Removing stm32f10x_i2c.o(i.I2C_GetLastEvent), (26 bytes).
    Removing stm32f10x_i2c.o(i.I2C_GetPEC), (8 bytes).
    Removing stm32f10x_i2c.o(i.I2C_ITConfig), (18 bytes).
    Removing stm32f10x_i2c.o(i.I2C_Init), (236 bytes).
    Removing stm32f10x_i2c.o(i.I2C_NACKPositionConfig), (28 bytes).
    Removing stm32f10x_i2c.o(i.I2C_OwnAddress2Config), (22 bytes).
    Removing stm32f10x_i2c.o(i.I2C_PECPositionConfig), (28 bytes).
    Removing stm32f10x_i2c.o(i.I2C_ReadRegister), (22 bytes).
    Removing stm32f10x_i2c.o(i.I2C_ReceiveData), (8 bytes).
    Removing stm32f10x_i2c.o(i.I2C_SMBusAlertConfig), (28 bytes).
    Removing stm32f10x_i2c.o(i.I2C_Send7bitAddress), (18 bytes).
    Removing stm32f10x_i2c.o(i.I2C_SendData), (4 bytes).
    Removing stm32f10x_i2c.o(i.I2C_SoftwareResetCmd), (22 bytes).
    Removing stm32f10x_i2c.o(i.I2C_StretchClockCmd), (24 bytes).
    Removing stm32f10x_i2c.o(i.I2C_StructInit), (30 bytes).
    Removing stm32f10x_i2c.o(i.I2C_TransmitPEC), (24 bytes).
    Removing stm32f10x_iwdg.o(i.IWDG_Enable), (16 bytes).
    Removing stm32f10x_iwdg.o(i.IWDG_GetFlagStatus), (24 bytes).
    Removing stm32f10x_iwdg.o(i.IWDG_ReloadCounter), (16 bytes).
    Removing stm32f10x_iwdg.o(i.IWDG_SetPrescaler), (12 bytes).
    Removing stm32f10x_iwdg.o(i.IWDG_SetReload), (12 bytes).
    Removing stm32f10x_iwdg.o(i.IWDG_WriteAccessCmd), (12 bytes).
    Removing stm32f10x_pwr.o(i.PWR_ClearFlag), (20 bytes).
    Removing stm32f10x_pwr.o(i.PWR_DeInit), (22 bytes).
    Removing stm32f10x_pwr.o(i.PWR_EnterSTANDBYMode), (52 bytes).
    Removing stm32f10x_pwr.o(i.PWR_EnterSTOPMode), (64 bytes).
    Removing stm32f10x_pwr.o(i.PWR_GetFlagStatus), (24 bytes).
    Removing stm32f10x_pwr.o(i.PWR_PVDCmd), (12 bytes).
    Removing stm32f10x_pwr.o(i.PWR_PVDLevelConfig), (24 bytes).
    Removing stm32f10x_pwr.o(i.PWR_WakeUpPinCmd), (12 bytes).
    Removing stm32f10x_rcc.o(i.RCC_ADCCLKConfig), (24 bytes).
    Removing stm32f10x_rcc.o(i.RCC_AHBPeriphClockCmd), (32 bytes).
    Removing stm32f10x_rcc.o(i.RCC_APB1PeriphResetCmd), (32 bytes).
    Removing stm32f10x_rcc.o(i.RCC_APB2PeriphResetCmd), (32 bytes).
    Removing stm32f10x_rcc.o(i.RCC_AdjustHSICalibrationValue), (24 bytes).
    Removing stm32f10x_rcc.o(i.RCC_BackupResetCmd), (12 bytes).
    Removing stm32f10x_rcc.o(i.RCC_ClearFlag), (20 bytes).
    Removing stm32f10x_rcc.o(i.RCC_ClearITPendingBit), (12 bytes).
    Removing stm32f10x_rcc.o(i.RCC_ClockSecuritySystemCmd), (12 bytes).
    Removing stm32f10x_rcc.o(i.RCC_DeInit), (76 bytes).
    Removing stm32f10x_rcc.o(i.RCC_GetITStatus), (24 bytes).
    Removing stm32f10x_rcc.o(i.RCC_GetSYSCLKSource), (16 bytes).
    Removing stm32f10x_rcc.o(i.RCC_HCLKConfig), (24 bytes).
    Removing stm32f10x_rcc.o(i.RCC_HSEConfig), (76 bytes).
    Removing stm32f10x_rcc.o(i.RCC_HSICmd), (12 bytes).
    Removing stm32f10x_rcc.o(i.RCC_ITConfig), (32 bytes).
    Removing stm32f10x_rcc.o(i.RCC_LSICmd), (12 bytes).
    Removing stm32f10x_rcc.o(i.RCC_MCOConfig), (12 bytes).
    Removing stm32f10x_rcc.o(i.RCC_PCLK1Config), (24 bytes).
    Removing stm32f10x_rcc.o(i.RCC_PCLK2Config), (24 bytes).
    Removing stm32f10x_rcc.o(i.RCC_PLLCmd), (12 bytes).
    Removing stm32f10x_rcc.o(i.RCC_PLLConfig), (28 bytes).
    Removing stm32f10x_rcc.o(i.RCC_SYSCLKConfig), (24 bytes).
    Removing stm32f10x_rcc.o(i.RCC_USBCLKConfig), (12 bytes).
    Removing stm32f10x_rcc.o(i.RCC_WaitForHSEStartUp), (56 bytes).
    Removing stm32f10x_rtc.o(i.RTC_ClearFlag), (16 bytes).
    Removing stm32f10x_rtc.o(i.RTC_ClearITPendingBit), (16 bytes).
    Removing stm32f10x_rtc.o(i.RTC_GetDivider), (24 bytes).
    Removing stm32f10x_rtc.o(i.RTC_GetFlagStatus), (24 bytes).
    Removing stm32f10x_rtc.o(i.RTC_GetITStatus), (36 bytes).
    Removing stm32f10x_rtc.o(i.RTC_ITConfig), (32 bytes).
    Removing stm32f10x_rtc.o(i.RTC_SetAlarm), (28 bytes).
    Removing stm32f10x_sdio.o(i.SDIO_CEATAITCmd), (16 bytes).
    Removing stm32f10x_sdio.o(i.SDIO_ClearFlag), (12 bytes).
    Removing stm32f10x_sdio.o(i.SDIO_ClearITPendingBit), (12 bytes).
    Removing stm32f10x_sdio.o(i.SDIO_ClockCmd), (12 bytes).
    Removing stm32f10x_sdio.o(i.SDIO_CmdStructInit), (14 bytes).
    Removing stm32f10x_sdio.o(i.SDIO_CommandCompletionCmd), (12 bytes).
    Removing stm32f10x_sdio.o(i.SDIO_DMACmd), (12 bytes).
    Removing stm32f10x_sdio.o(i.SDIO_DataConfig), (48 bytes).
    Removing stm32f10x_sdio.o(i.SDIO_DataStructInit), (20 bytes).
    Removing stm32f10x_sdio.o(i.SDIO_DeInit), (36 bytes).
    Removing stm32f10x_sdio.o(i.SDIO_GetCommandResponse), (12 bytes).
    Removing stm32f10x_sdio.o(i.SDIO_GetDataCounter), (12 bytes).
    Removing stm32f10x_sdio.o(i.SDIO_GetFIFOCount), (12 bytes).
    Removing stm32f10x_sdio.o(i.SDIO_GetFlagStatus), (24 bytes).
    Removing stm32f10x_sdio.o(i.SDIO_GetITStatus), (24 bytes).
    Removing stm32f10x_sdio.o(i.SDIO_GetPowerState), (16 bytes).
    Removing stm32f10x_sdio.o(i.SDIO_GetResponse), (24 bytes).
    Removing stm32f10x_sdio.o(i.SDIO_ITConfig), (32 bytes).
    Removing stm32f10x_sdio.o(i.SDIO_Init), (48 bytes).
    Removing stm32f10x_sdio.o(i.SDIO_ReadData), (12 bytes).
    Removing stm32f10x_sdio.o(i.SDIO_SendCEATACmd), (12 bytes).
    Removing stm32f10x_sdio.o(i.SDIO_SendCommand), (44 bytes).
    Removing stm32f10x_sdio.o(i.SDIO_SendSDIOSuspendCmd), (12 bytes).
    Removing stm32f10x_sdio.o(i.SDIO_SetPowerState), (28 bytes).
    Removing stm32f10x_sdio.o(i.SDIO_SetSDIOOperation), (12 bytes).
    Removing stm32f10x_sdio.o(i.SDIO_SetSDIOReadWaitMode), (12 bytes).
    Removing stm32f10x_sdio.o(i.SDIO_StartSDIOReadWait), (12 bytes).
    Removing stm32f10x_sdio.o(i.SDIO_StopSDIOReadWait), (12 bytes).
    Removing stm32f10x_sdio.o(i.SDIO_StructInit), (16 bytes).
    Removing stm32f10x_sdio.o(i.SDIO_WriteData), (12 bytes).
    Removing stm32f10x_spi.o(i.I2S_Cmd), (24 bytes).
    Removing stm32f10x_spi.o(i.I2S_Init), (232 bytes).
    Removing stm32f10x_spi.o(i.I2S_StructInit), (20 bytes).
    Removing stm32f10x_spi.o(i.SPI_BiDirectionalLineConfig), (28 bytes).
    Removing stm32f10x_spi.o(i.SPI_CalculateCRC), (24 bytes).
    Removing stm32f10x_spi.o(i.SPI_Cmd), (24 bytes).
    Removing stm32f10x_spi.o(i.SPI_DataSizeConfig), (18 bytes).
    Removing stm32f10x_spi.o(i.SPI_GetCRC), (16 bytes).
    Removing stm32f10x_spi.o(i.SPI_GetCRCPolynomial), (6 bytes).
    Removing stm32f10x_spi.o(i.SPI_I2S_ClearFlag), (6 bytes).
    Removing stm32f10x_spi.o(i.SPI_I2S_ClearITPendingBit), (20 bytes).
    Removing stm32f10x_spi.o(i.SPI_I2S_DMACmd), (18 bytes).
    Removing stm32f10x_spi.o(i.SPI_I2S_DeInit), (88 bytes).
    Removing stm32f10x_spi.o(i.SPI_I2S_GetFlagStatus), (18 bytes).
    Removing stm32f10x_spi.o(i.SPI_I2S_GetITStatus), (52 bytes).
    Removing stm32f10x_spi.o(i.SPI_I2S_ITConfig), (32 bytes).
    Removing stm32f10x_spi.o(i.SPI_I2S_ReceiveData), (6 bytes).
    Removing stm32f10x_spi.o(i.SPI_I2S_SendData), (4 bytes).
    Removing stm32f10x_spi.o(i.SPI_Init), (60 bytes).
    Removing stm32f10x_spi.o(i.SPI_NSSInternalSoftwareConfig), (30 bytes).
    Removing stm32f10x_spi.o(i.SPI_SSOutputCmd), (24 bytes).
    Removing stm32f10x_spi.o(i.SPI_StructInit), (24 bytes).
    Removing stm32f10x_spi.o(i.SPI_TransmitCRC), (10 bytes).
    Removing stm32f10x_tim.o(i.TI1_Config), (128 bytes).
    Removing stm32f10x_tim.o(i.TI2_Config), (152 bytes).
    Removing stm32f10x_tim.o(i.TI3_Config), (144 bytes).
    Removing stm32f10x_tim.o(i.TI4_Config), (152 bytes).
    Removing stm32f10x_tim.o(i.TIM_ARRPreloadConfig), (24 bytes).
    Removing stm32f10x_tim.o(i.TIM_BDTRConfig), (32 bytes).
    Removing stm32f10x_tim.o(i.TIM_BDTRStructInit), (18 bytes).
    Removing stm32f10x_tim.o(i.TIM_CCPreloadControl), (24 bytes).
    Removing stm32f10x_tim.o(i.TIM_CCxCmd), (30 bytes).
    Removing stm32f10x_tim.o(i.TIM_CCxNCmd), (30 bytes).
    Removing stm32f10x_tim.o(i.TIM_ClearFlag), (6 bytes).
    Removing stm32f10x_tim.o(i.TIM_ClearITPendingBit), (6 bytes).
    Removing stm32f10x_tim.o(i.TIM_ClearOC1Ref), (18 bytes).
    Removing stm32f10x_tim.o(i.TIM_ClearOC2Ref), (24 bytes).
    Removing stm32f10x_tim.o(i.TIM_ClearOC3Ref), (18 bytes).
    Removing stm32f10x_tim.o(i.TIM_ClearOC4Ref), (24 bytes).
    Removing stm32f10x_tim.o(i.TIM_CounterModeConfig), (18 bytes).
    Removing stm32f10x_tim.o(i.TIM_CtrlPWMOutputs), (30 bytes).
    Removing stm32f10x_tim.o(i.TIM_DMACmd), (18 bytes).
    Removing stm32f10x_tim.o(i.TIM_DMAConfig), (10 bytes).
    Removing stm32f10x_tim.o(i.TIM_DeInit), (488 bytes).
    Removing stm32f10x_tim.o(i.TIM_ETRClockMode1Config), (54 bytes).
    Removing stm32f10x_tim.o(i.TIM_ETRClockMode2Config), (32 bytes).
    Removing stm32f10x_tim.o(i.TIM_ETRConfig), (28 bytes).
    Removing stm32f10x_tim.o(i.TIM_EncoderInterfaceConfig), (66 bytes).
    Removing stm32f10x_tim.o(i.TIM_ForcedOC1Config), (18 bytes).
    Removing stm32f10x_tim.o(i.TIM_ForcedOC2Config), (26 bytes).
    Removing stm32f10x_tim.o(i.TIM_ForcedOC3Config), (18 bytes).
    Removing stm32f10x_tim.o(i.TIM_ForcedOC4Config), (26 bytes).
    Removing stm32f10x_tim.o(i.TIM_GenerateEvent), (4 bytes).
    Removing stm32f10x_tim.o(i.TIM_GetCapture1), (6 bytes).
    Removing stm32f10x_tim.o(i.TIM_GetCapture2), (6 bytes).
    Removing stm32f10x_tim.o(i.TIM_GetCapture3), (6 bytes).
    Removing stm32f10x_tim.o(i.TIM_GetCapture4), (8 bytes).
    Removing stm32f10x_tim.o(i.TIM_GetCounter), (6 bytes).
    Removing stm32f10x_tim.o(i.TIM_GetFlagStatus), (18 bytes).
    Removing stm32f10x_tim.o(i.TIM_GetITStatus), (34 bytes).
    Removing stm32f10x_tim.o(i.TIM_GetPrescaler), (6 bytes).
    Removing stm32f10x_tim.o(i.TIM_ICInit), (172 bytes).
    Removing stm32f10x_tim.o(i.TIM_ICStructInit), (18 bytes).
    Removing stm32f10x_tim.o(i.TIM_ITConfig), (18 bytes).
    Removing stm32f10x_tim.o(i.TIM_ITRxExternalClockConfig), (24 bytes).
    Removing stm32f10x_tim.o(i.TIM_OC1FastConfig), (18 bytes).
    Removing stm32f10x_tim.o(i.TIM_OC1Init), (152 bytes).
    Removing stm32f10x_tim.o(i.TIM_OC1NPolarityConfig), (18 bytes).
    Removing stm32f10x_tim.o(i.TIM_OC1PolarityConfig), (18 bytes).
    Removing stm32f10x_tim.o(i.TIM_OC1PreloadConfig), (18 bytes).
    Removing stm32f10x_tim.o(i.TIM_OC2FastConfig), (26 bytes).
    Removing stm32f10x_tim.o(i.TIM_OC2Init), (164 bytes).
    Removing stm32f10x_tim.o(i.TIM_OC2NPolarityConfig), (26 bytes).
    Removing stm32f10x_tim.o(i.TIM_OC2PolarityConfig), (26 bytes).
    Removing stm32f10x_tim.o(i.TIM_OC2PreloadConfig), (26 bytes).
    Removing stm32f10x_tim.o(i.TIM_OC3FastConfig), (18 bytes).
    Removing stm32f10x_tim.o(i.TIM_OC3NPolarityConfig), (26 bytes).
    Removing stm32f10x_tim.o(i.TIM_OC3PolarityConfig), (26 bytes).
    Removing stm32f10x_tim.o(i.TIM_OC3PreloadConfig), (18 bytes).
    Removing stm32f10x_tim.o(i.TIM_OC4FastConfig), (26 bytes).
    Removing stm32f10x_tim.o(i.TIM_OC4Init), (124 bytes).
    Removing stm32f10x_tim.o(i.TIM_OC4PolarityConfig), (26 bytes).
    Removing stm32f10x_tim.o(i.TIM_OC4PreloadConfig), (26 bytes).
    Removing stm32f10x_tim.o(i.TIM_PWMIConfig), (124 bytes).
    Removing stm32f10x_tim.o(i.TIM_PrescalerConfig), (6 bytes).
    Removing stm32f10x_tim.o(i.TIM_SelectCCDMA), (24 bytes).
    Removing stm32f10x_tim.o(i.TIM_SelectCOM), (24 bytes).
    Removing stm32f10x_tim.o(i.TIM_SelectHallSensor), (24 bytes).
    Removing stm32f10x_tim.o(i.TIM_SelectInputTrigger), (18 bytes).
    Removing stm32f10x_tim.o(i.TIM_SelectMasterSlaveMode), (18 bytes).
    Removing stm32f10x_tim.o(i.TIM_SelectOCxM), (82 bytes).
    Removing stm32f10x_tim.o(i.TIM_SelectOnePulseMode), (18 bytes).
    Removing stm32f10x_tim.o(i.TIM_SelectOutputTrigger), (18 bytes).
    Removing stm32f10x_tim.o(i.TIM_SelectSlaveMode), (18 bytes).
    Removing stm32f10x_tim.o(i.TIM_SetAutoreload), (4 bytes).
    Removing stm32f10x_tim.o(i.TIM_SetClockDivision), (18 bytes).
    Removing stm32f10x_tim.o(i.TIM_SetCompare1), (4 bytes).
    Removing stm32f10x_tim.o(i.TIM_SetCompare2), (4 bytes).
    Removing stm32f10x_tim.o(i.TIM_SetCompare4), (6 bytes).
    Removing stm32f10x_tim.o(i.TIM_SetCounter), (4 bytes).
    Removing stm32f10x_tim.o(i.TIM_SetIC1Prescaler), (18 bytes).
    Removing stm32f10x_tim.o(i.TIM_SetIC2Prescaler), (26 bytes).
    Removing stm32f10x_tim.o(i.TIM_SetIC3Prescaler), (18 bytes).
    Removing stm32f10x_tim.o(i.TIM_SetIC4Prescaler), (26 bytes).
    Removing stm32f10x_tim.o(i.TIM_TIxExternalClockConfig), (62 bytes).
    Removing stm32f10x_tim.o(i.TIM_TimeBaseStructInit), (18 bytes).
    Removing stm32f10x_tim.o(i.TIM_UpdateDisableConfig), (24 bytes).
    Removing stm32f10x_tim.o(i.TIM_UpdateRequestConfig), (24 bytes).
    Removing stm32f10x_usart.o(i.USART_ClearFlag), (18 bytes).
    Removing stm32f10x_usart.o(i.USART_ClockInit), (34 bytes).
    Removing stm32f10x_usart.o(i.USART_ClockStructInit), (12 bytes).
    Removing stm32f10x_usart.o(i.USART_DMACmd), (18 bytes).
    Removing stm32f10x_usart.o(i.USART_DeInit), (156 bytes).
    Removing stm32f10x_usart.o(i.USART_HalfDuplexCmd), (24 bytes).
    Removing stm32f10x_usart.o(i.USART_ITConfig), (74 bytes).
    Removing stm32f10x_usart.o(i.USART_IrDACmd), (24 bytes).
    Removing stm32f10x_usart.o(i.USART_IrDAConfig), (18 bytes).
    Removing stm32f10x_usart.o(i.USART_LINBreakDetectLengthConfig), (18 bytes).
    Removing stm32f10x_usart.o(i.USART_LINCmd), (24 bytes).
    Removing stm32f10x_usart.o(i.USART_OneBitMethodCmd), (24 bytes).
    Removing stm32f10x_usart.o(i.USART_OverSampling8Cmd), (22 bytes).
    Removing stm32f10x_usart.o(i.USART_ReceiverWakeUpCmd), (24 bytes).
    Removing stm32f10x_usart.o(i.USART_SendBreak), (10 bytes).
    Removing stm32f10x_usart.o(i.USART_SetAddress), (18 bytes).
    Removing stm32f10x_usart.o(i.USART_SetGuardTime), (16 bytes).
    Removing stm32f10x_usart.o(i.USART_SetPrescaler), (16 bytes).
    Removing stm32f10x_usart.o(i.USART_SmartCardCmd), (24 bytes).
    Removing stm32f10x_usart.o(i.USART_SmartCardNACKCmd), (24 bytes).
    Removing stm32f10x_usart.o(i.USART_StructInit), (24 bytes).
    Removing stm32f10x_usart.o(i.USART_WakeUpConfig), (18 bytes).
    Removing stm32f10x_wwdg.o(i.WWDG_ClearFlag), (12 bytes).
    Removing stm32f10x_wwdg.o(i.WWDG_DeInit), (22 bytes).
    Removing stm32f10x_wwdg.o(i.WWDG_Enable), (16 bytes).
    Removing stm32f10x_wwdg.o(i.WWDG_EnableIT), (12 bytes).
    Removing stm32f10x_wwdg.o(i.WWDG_GetFlagStatus), (12 bytes).
    Removing stm32f10x_wwdg.o(i.WWDG_SetCounter), (16 bytes).
    Removing stm32f10x_wwdg.o(i.WWDG_SetPrescaler), (24 bytes).
    Removing stm32f10x_wwdg.o(i.WWDG_SetWindowValue), (40 bytes).
    Removing led.o(i.LED2_OFF), (16 bytes).
    Removing led.o(i.LED2_ON), (16 bytes).
    Removing led.o(i.LED2_Turn), (28 bytes).
    Removing led.o(i.LED3_OFF), (16 bytes).
    Removing led.o(i.LED3_ON), (16 bytes).
    Removing led.o(i.LED3_Turn), (28 bytes).
    Removing led.o(i.LED_Init), (52 bytes).
    Removing buzzer.o(i.Buzzer_Init), (52 bytes).
    Removing buzzer.o(i.Buzzer_OFF), (20 bytes).
    Removing buzzer.o(i.Buzzer_ON), (20 bytes).
    Removing buzzer.o(i.Buzzer_Turn), (32 bytes).
    Removing lightsenser.o(i.LightSenser_Get), (20 bytes).
    Removing lightsenser.o(i.LightSenser_Init), (56 bytes).
    Removing oled.o(i.OLED_ShowBinNum), (62 bytes).
    Removing oled.o(i.OLED_ShowHexNum), (84 bytes).
    Removing oled.o(i.OLED_ShowSignedNum), (102 bytes).
    Removing countsenser.o(i.CountSenser_GetCount), (12 bytes).
    Removing countsenser.o(i.CountSenser_Init), (124 bytes).
    Removing serial.o(i.Serial_GetRxFlag), (28 bytes).
    Removing serial.o(i.Serial_SendArray), (26 bytes).
    Removing serial.o(i.Serial_SendPacket), (28 bytes).
    Removing serial.o(i.fputc), (16 bytes).
    Removing serial.o(.bss), (100 bytes).

461 unused section(s) (total 18732 bytes) removed from the image.

==============================================================================

Image Symbol Table

    Local Symbols

    Symbol Name                              Value     Ov Type        Size  Object(Section)

    ../clib/microlib/ctype/ctype.c           0x00000000   Number         0  iscntrl_o.o ABSOLUTE
    ../clib/microlib/ctype/ctype.c           0x00000000   Number         0  isdigit_o.o ABSOLUTE
    ../clib/microlib/ctype/ctype.c           0x00000000   Number         0  isgraph_o.o ABSOLUTE
    ../clib/microlib/ctype/ctype.c           0x00000000   Number         0  isalpha_o.o ABSOLUTE
    ../clib/microlib/ctype/ctype.c           0x00000000   Number         0  isalnum_o.o ABSOLUTE
    ../clib/microlib/ctype/ctype.c           0x00000000   Number         0  ctype_o.o ABSOLUTE
    ../clib/microlib/ctype/ctype.c           0x00000000   Number         0  islower_o.o ABSOLUTE
    ../clib/microlib/ctype/ctype.c           0x00000000   Number         0  isprint_o.o ABSOLUTE
    ../clib/microlib/ctype/ctype.c           0x00000000   Number         0  isupper_o.o ABSOLUTE
    ../clib/microlib/ctype/ctype.c           0x00000000   Number         0  ispunct_o.o ABSOLUTE
    ../clib/microlib/ctype/ctype.c           0x00000000   Number         0  isspace_o.o ABSOLUTE
    ../clib/microlib/ctype/ctype.c           0x00000000   Number         0  isxdigit_o.o ABSOLUTE
    ../clib/microlib/ctype/ctype.c           0x00000000   Number         0  isblank_o.o ABSOLUTE
    ../clib/microlib/division.c              0x00000000   Number         0  uldiv.o ABSOLUTE
    ../clib/microlib/division.c              0x00000000   Number         0  uidiv.o ABSOLUTE
    ../clib/microlib/errno.c                 0x00000000   Number         0  errno.o ABSOLUTE
    ../clib/microlib/init/entry.s            0x00000000   Number         0  entry.o ABSOLUTE
    ../clib/microlib/init/entry.s            0x00000000   Number         0  entry10b.o ABSOLUTE
    ../clib/microlib/init/entry.s            0x00000000   Number         0  entry11a.o ABSOLUTE
    ../clib/microlib/init/entry.s            0x00000000   Number         0  entry11b.o ABSOLUTE
    ../clib/microlib/init/entry.s            0x00000000   Number         0  entry2.o ABSOLUTE
    ../clib/microlib/init/entry.s            0x00000000   Number         0  entry5.o ABSOLUTE
    ../clib/microlib/init/entry.s            0x00000000   Number         0  entry7a.o ABSOLUTE
    ../clib/microlib/init/entry.s            0x00000000   Number         0  entry7b.o ABSOLUTE
    ../clib/microlib/init/entry.s            0x00000000   Number         0  entry9b.o ABSOLUTE
    ../clib/microlib/init/entry.s            0x00000000   Number         0  entry8a.o ABSOLUTE
    ../clib/microlib/init/entry.s            0x00000000   Number         0  entry8b.o ABSOLUTE
    ../clib/microlib/init/entry.s            0x00000000   Number         0  entry9a.o ABSOLUTE
    ../clib/microlib/init/entry.s            0x00000000   Number         0  entry10a.o ABSOLUTE
    ../clib/microlib/longlong.c              0x00000000   Number         0  llshl.o ABSOLUTE
    ../clib/microlib/longlong.c              0x00000000   Number         0  llsshr.o ABSOLUTE
    ../clib/microlib/longlong.c              0x00000000   Number         0  llushr.o ABSOLUTE
    ../clib/microlib/printf/printf.c         0x00000000   Number         0  printfa.o ABSOLUTE
    ../clib/microlib/stdio/streams.c         0x00000000   Number         0  stdout.o ABSOLUTE
    ../clib/microlib/string/memcpy.c         0x00000000   Number         0  memcpya.o ABSOLUTE
    ../clib/microlib/string/memcpy.c         0x00000000   Number         0  memcpyb.o ABSOLUTE
    ../clib/microlib/string/strncmp.c        0x00000000   Number         0  strncmp.o ABSOLUTE
    ../clib/microlib/stubs.s                 0x00000000   Number         0  iusefp.o ABSOLUTE
    ../clib/microlib/time/localtime.c        0x00000000   Number         0  localtime.o ABSOLUTE
    ../clib/microlib/time/localtime.c        0x00000000   Number         0  localtime_i.o ABSOLUTE
    ../clib/microlib/time/localtime.c        0x00000000   Number         0  localtime_w.o ABSOLUTE
    ../clib/microlib/time/mktime.c           0x00000000   Number         0  mktime.o ABSOLUTE
    ../clib/scanf.c                          0x00000000   Number         0  atoi.o ABSOLUTE
    ../clib/scanf.c                          0x00000000   Number         0  _chval.o ABSOLUTE
    ../clib/scanf.c                          0x00000000   Number         0  _strtoul.o ABSOLUTE
    ../clib/scanf.c                          0x00000000   Number         0  strtol.o ABSOLUTE
    ../fplib/microlib/fpadd.c                0x00000000   Number         0  dadd.o ABSOLUTE
    ../fplib/microlib/fpdiv.c                0x00000000   Number         0  ddiv.o ABSOLUTE
    ../fplib/microlib/fpepilogue.c           0x00000000   Number         0  depilogue.o ABSOLUTE
    ../fplib/microlib/fpfix.c                0x00000000   Number         0  dfixul.o ABSOLUTE
    ../fplib/microlib/fpmul.c                0x00000000   Number         0  dmul.o ABSOLUTE
    Hardware\Buzzer.c                        0x00000000   Number         0  buzzer.o ABSOLUTE
    Hardware\CountSenser.c                   0x00000000   Number         0  countsenser.o ABSOLUTE
    Hardware\Finger.c                        0x00000000   Number         0  finger.o ABSOLUTE
    Hardware\FingerSerial.c                  0x00000000   Number         0  fingerserial.o ABSOLUTE
    Hardware\KEY.c                           0x00000000   Number         0  key.o ABSOLUTE
    Hardware\LED.c                           0x00000000   Number         0  led.o ABSOLUTE
    Hardware\LightSenser.c                   0x00000000   Number         0  lightsenser.o ABSOLUTE
    Hardware\OLED.c                          0x00000000   Number         0  oled.o ABSOLUTE
    Hardware\PWM.c                           0x00000000   Number         0  pwm.o ABSOLUTE
    Hardware\Serial.c                        0x00000000   Number         0  serial.o ABSOLUTE
    Library\misc.c                           0x00000000   Number         0  misc.o ABSOLUTE
    Library\stm32f10x_adc.c                  0x00000000   Number         0  stm32f10x_adc.o ABSOLUTE
    Library\stm32f10x_bkp.c                  0x00000000   Number         0  stm32f10x_bkp.o ABSOLUTE
    Library\stm32f10x_can.c                  0x00000000   Number         0  stm32f10x_can.o ABSOLUTE
    Library\stm32f10x_cec.c                  0x00000000   Number         0  stm32f10x_cec.o ABSOLUTE
    Library\stm32f10x_crc.c                  0x00000000   Number         0  stm32f10x_crc.o ABSOLUTE
    Library\stm32f10x_dac.c                  0x00000000   Number         0  stm32f10x_dac.o ABSOLUTE
    Library\stm32f10x_dbgmcu.c               0x00000000   Number         0  stm32f10x_dbgmcu.o ABSOLUTE
    Library\stm32f10x_dma.c                  0x00000000   Number         0  stm32f10x_dma.o ABSOLUTE
    Library\stm32f10x_exti.c                 0x00000000   Number         0  stm32f10x_exti.o ABSOLUTE
    Library\stm32f10x_flash.c                0x00000000   Number         0  stm32f10x_flash.o ABSOLUTE
    Library\stm32f10x_fsmc.c                 0x00000000   Number         0  stm32f10x_fsmc.o ABSOLUTE
    Library\stm32f10x_gpio.c                 0x00000000   Number         0  stm32f10x_gpio.o ABSOLUTE
    Library\stm32f10x_i2c.c                  0x00000000   Number         0  stm32f10x_i2c.o ABSOLUTE
    Library\stm32f10x_iwdg.c                 0x00000000   Number         0  stm32f10x_iwdg.o ABSOLUTE
    Library\stm32f10x_pwr.c                  0x00000000   Number         0  stm32f10x_pwr.o ABSOLUTE
    Library\stm32f10x_rcc.c                  0x00000000   Number         0  stm32f10x_rcc.o ABSOLUTE
    Library\stm32f10x_rtc.c                  0x00000000   Number         0  stm32f10x_rtc.o ABSOLUTE
    Library\stm32f10x_sdio.c                 0x00000000   Number         0  stm32f10x_sdio.o ABSOLUTE
    Library\stm32f10x_spi.c                  0x00000000   Number         0  stm32f10x_spi.o ABSOLUTE
    Library\stm32f10x_tim.c                  0x00000000   Number         0  stm32f10x_tim.o ABSOLUTE
    Library\stm32f10x_usart.c                0x00000000   Number         0  stm32f10x_usart.o ABSOLUTE
    Library\stm32f10x_wwdg.c                 0x00000000   Number         0  stm32f10x_wwdg.o ABSOLUTE
    Start\\core_cm3.c                        0x00000000   Number         0  core_cm3.o ABSOLUTE
    Start\core_cm3.c                         0x00000000   Number         0  core_cm3.o ABSOLUTE
    Start\startup_stm32f10x_md.s             0x00000000   Number         0  startup_stm32f10x_md.o ABSOLUTE
    Start\system_stm32f10x.c                 0x00000000   Number         0  system_stm32f10x.o ABSOLUTE
    System\Delay.c                           0x00000000   Number         0  delay.o ABSOLUTE
    System\FingerApp.c                       0x00000000   Number         0  fingerapp.o ABSOLUTE
    System\Lock.c                            0x00000000   Number         0  lock.o ABSOLUTE
    System\MyRTC.c                           0x00000000   Number         0  myrtc.o ABSOLUTE
    System\Page.c                            0x00000000   Number         0  page.o ABSOLUTE
    User\stm32f10x_it.c                      0x00000000   Number         0  stm32f10x_it.o ABSOLUTE
    cdrcmple.s                               0x00000000   Number         0  cdrcmple.o ABSOLUTE
    dc.s                                     0x00000000   Number         0  dc.o ABSOLUTE
    handlers.s                               0x00000000   Number         0  handlers.o ABSOLUTE
    init.s                                   0x00000000   Number         0  init.o ABSOLUTE
    main.c                                   0x00000000   Number         0  main.o ABSOLUTE
    RESET                                    0x08000000   Section      236  startup_stm32f10x_md.o(RESET)
    .ARM.Collect$$$$00000000                 0x080000ec   Section        0  entry.o(.ARM.Collect$$$$00000000)
    .ARM.Collect$$$$00000001                 0x080000ec   Section        4  entry2.o(.ARM.Collect$$$$00000001)
    .ARM.Collect$$$$00000004                 0x080000f0   Section        4  entry5.o(.ARM.Collect$$$$00000004)
    .ARM.Collect$$$$00000008                 0x080000f4   Section        0  entry7b.o(.ARM.Collect$$$$00000008)
    .ARM.Collect$$$$0000000A                 0x080000f4   Section        0  entry8b.o(.ARM.Collect$$$$0000000A)
    .ARM.Collect$$$$0000000B                 0x080000f4   Section        8  entry9a.o(.ARM.Collect$$$$0000000B)
    .ARM.Collect$$$$0000000D                 0x080000fc   Section        0  entry10a.o(.ARM.Collect$$$$0000000D)
    .ARM.Collect$$$$0000000F                 0x080000fc   Section        0  entry11a.o(.ARM.Collect$$$$0000000F)
    .ARM.Collect$$$$00002712                 0x080000fc   Section        4  entry2.o(.ARM.Collect$$$$00002712)
    __lit__00000000                          0x080000fc   Data           4  entry2.o(.ARM.Collect$$$$00002712)
    .text                                    0x08000100   Section       36  startup_stm32f10x_md.o(.text)
    .text                                    0x08000124   Section        0  mktime.o(.text)
    .text                                    0x080001cc   Section        0  memcpya.o(.text)
    .text                                    0x080001f0   Section        0  strncmp.o(.text)
    .text                                    0x0800020e   Section        0  atoi.o(.text)
    .text                                    0x08000228   Section        0  uidiv.o(.text)
    .text                                    0x08000254   Section        0  uldiv.o(.text)
    .text                                    0x080002b8   Section        0  localtime_w.o(.text)
    .text                                    0x080002c4   Section        0  localtime_i.o(.text)
    .text                                    0x08000350   Section        0  strtol.o(.text)
    .text                                    0x080003c0   Section        0  iusefp.o(.text)
    .text                                    0x080003c0   Section        0  dadd.o(.text)
    .text                                    0x0800050e   Section        0  dmul.o(.text)
    .text                                    0x080005f2   Section        0  ddiv.o(.text)
    .text                                    0x080006d0   Section        0  dfixul.o(.text)
    .text                                    0x08000700   Section       48  cdrcmple.o(.text)
    .text                                    0x08000730   Section       36  init.o(.text)
    .text                                    0x08000754   Section        0  llshl.o(.text)
    .text                                    0x08000772   Section        0  llushr.o(.text)
    .text                                    0x08000792   Section        0  llsshr.o(.text)
    .text                                    0x080007b8   Section        0  ctype_o.o(.text)
    .text                                    0x080007c0   Section        0  _strtoul.o(.text)
    .text                                    0x0800085e   Section        0  depilogue.o(.text)
    .text                                    0x08000918   Section        0  _chval.o(.text)
    i.BKP_ReadBackupRegister                 0x08000934   Section        0  stm32f10x_bkp.o(i.BKP_ReadBackupRegister)
    i.BKP_WriteBackupRegister                0x08000950   Section        0  stm32f10x_bkp.o(i.BKP_WriteBackupRegister)
    i.BusFault_Handler                       0x0800096c   Section        0  stm32f10x_it.o(i.BusFault_Handler)
    i.DebugMon_Handler                       0x08000970   Section        0  stm32f10x_it.o(i.DebugMon_Handler)
    i.Delay_ms                               0x08000972   Section        0  delay.o(i.Delay_ms)
    i.Delay_s                                0x0800098a   Section        0  delay.o(i.Delay_s)
    i.Delay_us                               0x080009a2   Section        0  delay.o(i.Delay_us)
    i.EXTI15_10_IRQHandler                   0x080009d0   Section        0  countsenser.o(i.EXTI15_10_IRQHandler)
    i.EXTI1_IRQHandler                       0x080009f8   Section        0  key.o(i.EXTI1_IRQHandler)
    i.EXTI4_IRQHandler                       0x08000a14   Section        0  key.o(i.EXTI4_IRQHandler)
    i.EXTI9_5_IRQHandler                     0x08000a34   Section        0  key.o(i.EXTI9_5_IRQHandler)
    i.EXTI_ClearITPendingBit                 0x08000a54   Section        0  stm32f10x_exti.o(i.EXTI_ClearITPendingBit)
    i.EXTI_GetITStatus                       0x08000a60   Section        0  stm32f10x_exti.o(i.EXTI_GetITStatus)
    i.EXTI_Init                              0x08000a88   Section        0  stm32f10x_exti.o(i.EXTI_Init)
    i.FingerApp_Delete                       0x08000b1c   Section        0  fingerapp.o(i.FingerApp_Delete)
    i.FingerApp_Enroll                       0x08000b54   Section        0  fingerapp.o(i.FingerApp_Enroll)
    i.FingerApp_Unlock                       0x08000b8c   Section        0  fingerapp.o(i.FingerApp_Unlock)
    i.FingerApp_WaitSecondImage              0x08000d90   Section        0  fingerapp.o(i.FingerApp_WaitSecondImage)
    FingerApp_WaitSecondImage                0x08000d91   Thumb Code    34  fingerapp.o(i.FingerApp_WaitSecondImage)
    i.FingerSerial_Init                      0x08000db4   Section        0  fingerserial.o(i.FingerSerial_Init)
    i.Finger_GenChar                         0x08000e3c   Section        0  finger.o(i.Finger_GenChar)
    i.Finger_GetImage                        0x08000e8c   Section        0  finger.o(i.Finger_GetImage)
    i.Finger_ReadByte                        0x08000eb4   Section        0  fingerserial.o(i.Finger_ReadByte)
    i.Finger_SendArray                       0x08000ed4   Section        0  fingerserial.o(i.Finger_SendArray)
    i.Finger_SendByte                        0x08000ef0   Section        0  fingerserial.o(i.Finger_SendByte)
    i.Finger_WaitRelease                     0x08000f10   Section        0  finger.o(i.Finger_WaitRelease)
    i.GPIO_EXTILineConfig                    0x08000f2c   Section        0  stm32f10x_gpio.o(i.GPIO_EXTILineConfig)
    i.GPIO_Init                              0x08000f6c   Section        0  stm32f10x_gpio.o(i.GPIO_Init)
    i.GPIO_WriteBit                          0x08001082   Section        0  stm32f10x_gpio.o(i.GPIO_WriteBit)
    i.HardFault_Handler                      0x0800108c   Section        0  stm32f10x_it.o(i.HardFault_Handler)
    i.Key_GetNum                             0x08001090   Section        0  key.o(i.Key_GetNum)
    i.Key_Init                               0x080010a4   Section        0  key.o(i.Key_Init)
    i.Lock_Init                              0x08001158   Section        0  lock.o(i.Lock_Init)
    i.Lock_Lock                              0x08001164   Section        0  lock.o(i.Lock_Lock)
    i.Lock_Unlock                            0x08001170   Section        0  lock.o(i.Lock_Unlock)
    i.Lock_UnlockForSeconds                  0x0800117c   Section        0  lock.o(i.Lock_UnlockForSeconds)
    i.MemManage_Handler                      0x08001190   Section        0  stm32f10x_it.o(i.MemManage_Handler)
    i.MyRTC_GetCompileTime                   0x08001194   Section        0  myrtc.o(i.MyRTC_GetCompileTime)
    MyRTC_GetCompileTime                     0x08001195   Thumb Code    68  myrtc.o(i.MyRTC_GetCompileTime)
    i.MyRTC_GetMonth                         0x080011f4   Section        0  myrtc.o(i.MyRTC_GetMonth)
    MyRTC_GetMonth                           0x080011f5   Thumb Code    42  myrtc.o(i.MyRTC_GetMonth)
    i.MyRTC_Init                             0x08001224   Section        0  myrtc.o(i.MyRTC_Init)
    i.MyRTC_ReadTime                         0x0800129c   Section        0  myrtc.o(i.MyRTC_ReadTime)
    i.MyRTC_SetTime                          0x080012e4   Section        0  myrtc.o(i.MyRTC_SetTime)
    i.NMI_Handler                            0x08001330   Section        0  stm32f10x_it.o(i.NMI_Handler)
    i.NVIC_Init                              0x08001334   Section        0  misc.o(i.NVIC_Init)
    i.NVIC_PriorityGroupConfig               0x080013a4   Section        0  misc.o(i.NVIC_PriorityGroupConfig)
    i.OLED_Clear                             0x080013b8   Section        0  oled.o(i.OLED_Clear)
    i.OLED_I2C_Init                          0x080013e4   Section        0  oled.o(i.OLED_I2C_Init)
    i.OLED_I2C_SendByte                      0x08001434   Section        0  oled.o(i.OLED_I2C_SendByte)
    i.OLED_I2C_Start                         0x08001488   Section        0  oled.o(i.OLED_I2C_Start)
    i.OLED_I2C_Stop                          0x080014bc   Section        0  oled.o(i.OLED_I2C_Stop)
    i.OLED_Init                              0x080014e4   Section        0  oled.o(i.OLED_Init)
    i.OLED_Pow                               0x08001592   Section        0  oled.o(i.OLED_Pow)
    i.OLED_SetCursor                         0x080015a6   Section        0  oled.o(i.OLED_SetCursor)
    i.OLED_ShowChar                          0x080015c8   Section        0  oled.o(i.OLED_ShowChar)
    i.OLED_ShowNum                           0x0800163c   Section        0  oled.o(i.OLED_ShowNum)
    i.OLED_ShowString                        0x08001680   Section        0  oled.o(i.OLED_ShowString)
    i.OLED_WriteCommand                      0x080016a8   Section        0  oled.o(i.OLED_WriteCommand)
    i.OLED_WriteData                         0x080016c8   Section        0  oled.o(i.OLED_WriteData)
    i.PWM_Init                               0x080016e8   Section        0  pwm.o(i.PWM_Init)
    i.PWM_SetCompare3                        0x0800177c   Section        0  pwm.o(i.PWM_SetCompare3)
    i.PWR_BackupAccessCmd                    0x08001790   Section        0  stm32f10x_pwr.o(i.PWR_BackupAccessCmd)
    i.Page_Execute                           0x0800179c   Section        0  page.o(i.Page_Execute)
    i.Page_Init                              0x080017e0   Section        0  page.o(i.Page_Init)
    i.Page_Next                              0x080017f8   Section        0  page.o(i.Page_Next)
    i.Page_Prev                              0x0800181c   Section        0  page.o(i.Page_Prev)
    i.Page_Show                              0x08001840   Section        0  page.o(i.Page_Show)
    Page_Show                                0x08001841   Thumb Code   132  page.o(i.Page_Show)
    i.Page_UpdateTime                        0x0800192c   Section        0  page.o(i.Page_UpdateTime)
    i.PendSV_Handler                         0x080019b4   Section        0  stm32f10x_it.o(i.PendSV_Handler)
    i.RCC_APB1PeriphClockCmd                 0x080019b8   Section        0  stm32f10x_rcc.o(i.RCC_APB1PeriphClockCmd)
    i.RCC_APB2PeriphClockCmd                 0x080019d8   Section        0  stm32f10x_rcc.o(i.RCC_APB2PeriphClockCmd)
    i.RCC_GetClocksFreq                      0x080019f8   Section        0  stm32f10x_rcc.o(i.RCC_GetClocksFreq)
    i.RCC_GetFlagStatus                      0x08001acc   Section        0  stm32f10x_rcc.o(i.RCC_GetFlagStatus)
    i.RCC_LSEConfig                          0x08001b08   Section        0  stm32f10x_rcc.o(i.RCC_LSEConfig)
    i.RCC_RTCCLKCmd                          0x08001b3c   Section        0  stm32f10x_rcc.o(i.RCC_RTCCLKCmd)
    i.RCC_RTCCLKConfig                       0x08001b48   Section        0  stm32f10x_rcc.o(i.RCC_RTCCLKConfig)
    i.RTC_EnterConfigMode                    0x08001b58   Section        0  stm32f10x_rtc.o(i.RTC_EnterConfigMode)
    i.RTC_ExitConfigMode                     0x08001b6c   Section        0  stm32f10x_rtc.o(i.RTC_ExitConfigMode)
    i.RTC_GetCounter                         0x08001b80   Section        0  stm32f10x_rtc.o(i.RTC_GetCounter)
    i.RTC_SetCounter                         0x08001b94   Section        0  stm32f10x_rtc.o(i.RTC_SetCounter)
    i.RTC_SetPrescaler                       0x08001bb0   Section        0  stm32f10x_rtc.o(i.RTC_SetPrescaler)
    i.RTC_WaitForLastTask                    0x08001bd0   Section        0  stm32f10x_rtc.o(i.RTC_WaitForLastTask)
    i.RTC_WaitForSynchro                     0x08001be4   Section        0  stm32f10x_rtc.o(i.RTC_WaitForSynchro)
    i.SVC_Handler                            0x08001c08   Section        0  stm32f10x_it.o(i.SVC_Handler)
    i.Serial_Init                            0x08001c0c   Section        0  serial.o(i.Serial_Init)
    i.Serial_Printf                          0x08001cb0   Section        0  serial.o(i.Serial_Printf)
    i.Serial_SendByte                        0x08001cd4   Section        0  serial.o(i.Serial_SendByte)
    i.Serial_SendString                      0x08001cf4   Section        0  serial.o(i.Serial_SendString)
    i.SetSysClock                            0x08001d0e   Section        0  system_stm32f10x.o(i.SetSysClock)
    SetSysClock                              0x08001d0f   Thumb Code     8  system_stm32f10x.o(i.SetSysClock)
    i.SetSysClockTo72                        0x08001d18   Section        0  system_stm32f10x.o(i.SetSysClockTo72)
    SetSysClockTo72                          0x08001d19   Thumb Code   214  system_stm32f10x.o(i.SetSysClockTo72)
    i.SysTick_Handler                        0x08001df8   Section        0  stm32f10x_it.o(i.SysTick_Handler)
    i.SystemInit                             0x08001dfc   Section        0  system_stm32f10x.o(i.SystemInit)
    i.TIM_Cmd                                0x08001e5c   Section        0  stm32f10x_tim.o(i.TIM_Cmd)
    i.TIM_InternalClockConfig                0x08001e74   Section        0  stm32f10x_tim.o(i.TIM_InternalClockConfig)
    i.TIM_OC3Init                            0x08001e80   Section        0  stm32f10x_tim.o(i.TIM_OC3Init)
    i.TIM_OCStructInit                       0x08001f20   Section        0  stm32f10x_tim.o(i.TIM_OCStructInit)
    i.TIM_SetCompare3                        0x08001f34   Section        0  stm32f10x_tim.o(i.TIM_SetCompare3)
    i.TIM_TimeBaseInit                       0x08001f38   Section        0  stm32f10x_tim.o(i.TIM_TimeBaseInit)
    i.USART1_IRQHandler                      0x08001fdc   Section        0  serial.o(i.USART1_IRQHandler)
    i.USART_ClearITPendingBit                0x0800206c   Section        0  stm32f10x_usart.o(i.USART_ClearITPendingBit)
    i.USART_Cmd                              0x0800208a   Section        0  stm32f10x_usart.o(i.USART_Cmd)
    i.USART_GetFlagStatus                    0x080020a2   Section        0  stm32f10x_usart.o(i.USART_GetFlagStatus)
    i.USART_GetITStatus                      0x080020bc   Section        0  stm32f10x_usart.o(i.USART_GetITStatus)
    i.USART_Init                             0x08002110   Section        0  stm32f10x_usart.o(i.USART_Init)
    i.USART_ReceiveData                      0x080021e8   Section        0  stm32f10x_usart.o(i.USART_ReceiveData)
    i.USART_SendData                         0x080021f2   Section        0  stm32f10x_usart.o(i.USART_SendData)
    i.UsageFault_Handler                     0x080021fa   Section        0  stm32f10x_it.o(i.UsageFault_Handler)
    i.__0vsprintf                            0x08002200   Section        0  printfa.o(i.__0vsprintf)
    i.__aeabi_errno_addr                     0x08002224   Section        0  errno.o(i.__aeabi_errno_addr)
    i.__scatterload_copy                     0x0800222c   Section       14  handlers.o(i.__scatterload_copy)
    i.__scatterload_null                     0x0800223a   Section        2  handlers.o(i.__scatterload_null)
    i.__scatterload_zeroinit                 0x0800223c   Section       14  handlers.o(i.__scatterload_zeroinit)
    i._fp_digits                             0x0800224c   Section        0  printfa.o(i._fp_digits)
    _fp_digits                               0x0800224d   Thumb Code   366  printfa.o(i._fp_digits)
    i._printf_core                           0x080023d0   Section        0  printfa.o(i._printf_core)
    _printf_core                             0x080023d1   Thumb Code  1744  printfa.o(i._printf_core)
    i._printf_post_padding                   0x08002aac   Section        0  printfa.o(i._printf_post_padding)
    _printf_post_padding                     0x08002aad   Thumb Code    36  printfa.o(i._printf_post_padding)
    i._printf_pre_padding                    0x08002ad0   Section        0  printfa.o(i._printf_pre_padding)
    _printf_pre_padding                      0x08002ad1   Thumb Code    46  printfa.o(i._printf_pre_padding)
    i._sputc                                 0x08002afe   Section        0  printfa.o(i._sputc)
    _sputc                                   0x08002aff   Thumb Code    10  printfa.o(i._sputc)
    i.main                                   0x08002b08   Section        0  main.o(i.main)
    .constdata                               0x08002b68   Section     1520  oled.o(.constdata)
    .constdata                               0x08003158   Section       12  mktime.o(.constdata)
    monlen                                   0x08003158   Data          12  mktime.o(.constdata)
    .constdata                               0x08003164   Section       12  localtime_i.o(.constdata)
    monlen                                   0x08003164   Data          12  localtime_i.o(.constdata)
    .constdata                               0x08003170   Section      129  ctype_o.o(.constdata)
    .constdata                               0x080031f4   Section        4  ctype_o.o(.constdata)
    table                                    0x080031f4   Data           4  ctype_o.o(.constdata)
    .conststring                             0x080031f8   Section       48  myrtc.o(.conststring)
    .data                                    0x20000000   Section       20  stm32f10x_rcc.o(.data)
    APBAHBPrescTable                         0x20000000   Data          16  stm32f10x_rcc.o(.data)
    ADCPrescTable                            0x20000010   Data           4  stm32f10x_rcc.o(.data)
    .data                                    0x20000014   Section       60  myrtc.o(.data)
    monthList                                0x20000020   Data          48  myrtc.o(.data)
    .data                                    0x20000050   Section        2  page.o(.data)
    CurrentPage                              0x20000050   Data           1  page.o(.data)
    lastSecond                               0x20000051   Data           1  page.o(.data)
    .data                                    0x20000052   Section        1  key.o(.data)
    KeyNum                                   0x20000052   Data           1  key.o(.data)
    .data                                    0x20000054   Section        2  countsenser.o(.data)
    .data                                    0x20000056   Section       12  serial.o(.data)
    RxState                                  0x20000060   Data           1  serial.o(.data)
    pRxPacket                                0x20000061   Data           1  serial.o(.data)
    .data                                    0x20000062   Section       25  finger.o(.data)
    .data                                    0x2000007c   Section        4  errno.o(.data)
    _errno                                   0x2000007c   Data           4  errno.o(.data)
    .bss                                     0x20000080   Section       44  localtime_w.o(.bss)
    _tms                                     0x20000080   Data          44  localtime_w.o(.bss)
    STACK                                    0x200000b0   Section     1024  startup_stm32f10x_md.o(STACK)

    Global Symbols

    Symbol Name                              Value     Ov Type        Size  Object(Section)

    BuildAttributes$$THM_ISAv4$P$D$K$B$S$PE$A:L22UL41UL21$X:L11$S22US41US21$IEEE1$IW$USESV6$~STKCKD$USESV7$~SHL$OSPACE$ROPI$EBA8$MICROLIB$REQ8$PRES8$EABIv2 0x00000000   Number         0  anon$$obj.o ABSOLUTE
    __ARM_use_no_argv                        0x00000000   Number         0  main.o ABSOLUTE
    __cpp_initialize__aeabi_                  - Undefined Weak Reference
    __cxa_finalize                            - Undefined Weak Reference
    __decompress                              - Undefined Weak Reference
    _clock_init                               - Undefined Weak Reference
    _microlib_exit                            - Undefined Weak Reference
    __Vectors_Size                           0x000000ec   Number         0  startup_stm32f10x_md.o ABSOLUTE
    __Vectors                                0x08000000   Data           4  startup_stm32f10x_md.o(RESET)
    __Vectors_End                            0x080000ec   Data           0  startup_stm32f10x_md.o(RESET)
    __main                                   0x080000ed   Thumb Code     0  entry.o(.ARM.Collect$$$$00000000)
    _main_stk                                0x080000ed   Thumb Code     0  entry2.o(.ARM.Collect$$$$00000001)
    _main_scatterload                        0x080000f1   Thumb Code     0  entry5.o(.ARM.Collect$$$$00000004)
    __main_after_scatterload                 0x080000f5   Thumb Code     0  entry5.o(.ARM.Collect$$$$00000004)
    _main_clock                              0x080000f5   Thumb Code     0  entry7b.o(.ARM.Collect$$$$00000008)
    _main_cpp_init                           0x080000f5   Thumb Code     0  entry8b.o(.ARM.Collect$$$$0000000A)
    _main_init                               0x080000f5   Thumb Code     0  entry9a.o(.ARM.Collect$$$$0000000B)
    __rt_final_cpp                           0x080000fd   Thumb Code     0  entry10a.o(.ARM.Collect$$$$0000000D)
    __rt_final_exit                          0x080000fd   Thumb Code     0  entry11a.o(.ARM.Collect$$$$0000000F)
    Reset_Handler                            0x08000101   Thumb Code     8  startup_stm32f10x_md.o(.text)
    ADC1_2_IRQHandler                        0x0800011b   Thumb Code     0  startup_stm32f10x_md.o(.text)
    CAN1_RX1_IRQHandler                      0x0800011b   Thumb Code     0  startup_stm32f10x_md.o(.text)
    CAN1_SCE_IRQHandler                      0x0800011b   Thumb Code     0  startup_stm32f10x_md.o(.text)
    DMA1_Channel1_IRQHandler                 0x0800011b   Thumb Code     0  startup_stm32f10x_md.o(.text)
    DMA1_Channel2_IRQHandler                 0x0800011b   Thumb Code     0  startup_stm32f10x_md.o(.text)
    DMA1_Channel3_IRQHandler                 0x0800011b   Thumb Code     0  startup_stm32f10x_md.o(.text)
    DMA1_Channel4_IRQHandler                 0x0800011b   Thumb Code     0  startup_stm32f10x_md.o(.text)
    DMA1_Channel5_IRQHandler                 0x0800011b   Thumb Code     0  startup_stm32f10x_md.o(.text)
    DMA1_Channel6_IRQHandler                 0x0800011b   Thumb Code     0  startup_stm32f10x_md.o(.text)
    DMA1_Channel7_IRQHandler                 0x0800011b   Thumb Code     0  startup_stm32f10x_md.o(.text)
    EXTI0_IRQHandler                         0x0800011b   Thumb Code     0  startup_stm32f10x_md.o(.text)
    EXTI2_IRQHandler                         0x0800011b   Thumb Code     0  startup_stm32f10x_md.o(.text)
    EXTI3_IRQHandler                         0x0800011b   Thumb Code     0  startup_stm32f10x_md.o(.text)
    FLASH_IRQHandler                         0x0800011b   Thumb Code     0  startup_stm32f10x_md.o(.text)
    I2C1_ER_IRQHandler                       0x0800011b   Thumb Code     0  startup_stm32f10x_md.o(.text)
    I2C1_EV_IRQHandler                       0x0800011b   Thumb Code     0  startup_stm32f10x_md.o(.text)
    I2C2_ER_IRQHandler                       0x0800011b   Thumb Code     0  startup_stm32f10x_md.o(.text)
    I2C2_EV_IRQHandler                       0x0800011b   Thumb Code     0  startup_stm32f10x_md.o(.text)
    PVD_IRQHandler                           0x0800011b   Thumb Code     0  startup_stm32f10x_md.o(.text)
    RCC_IRQHandler                           0x0800011b   Thumb Code     0  startup_stm32f10x_md.o(.text)
    RTCAlarm_IRQHandler                      0x0800011b   Thumb Code     0  startup_stm32f10x_md.o(.text)
    RTC_IRQHandler                           0x0800011b   Thumb Code     0  startup_stm32f10x_md.o(.text)
    SPI1_IRQHandler                          0x0800011b   Thumb Code     0  startup_stm32f10x_md.o(.text)
    SPI2_IRQHandler                          0x0800011b   Thumb Code     0  startup_stm32f10x_md.o(.text)
    TAMPER_IRQHandler                        0x0800011b   Thumb Code     0  startup_stm32f10x_md.o(.text)
    TIM1_BRK_IRQHandler                      0x0800011b   Thumb Code     0  startup_stm32f10x_md.o(.text)
    TIM1_CC_IRQHandler                       0x0800011b   Thumb Code     0  startup_stm32f10x_md.o(.text)
    TIM1_TRG_COM_IRQHandler                  0x0800011b   Thumb Code     0  startup_stm32f10x_md.o(.text)
    TIM1_UP_IRQHandler                       0x0800011b   Thumb Code     0  startup_stm32f10x_md.o(.text)
    TIM2_IRQHandler                          0x0800011b   Thumb Code     0  startup_stm32f10x_md.o(.text)
    TIM3_IRQHandler                          0x0800011b   Thumb Code     0  startup_stm32f10x_md.o(.text)
    TIM4_IRQHandler                          0x0800011b   Thumb Code     0  startup_stm32f10x_md.o(.text)
    USART2_IRQHandler                        0x0800011b   Thumb Code     0  startup_stm32f10x_md.o(.text)
    USART3_IRQHandler                        0x0800011b   Thumb Code     0  startup_stm32f10x_md.o(.text)
    USBWakeUp_IRQHandler                     0x0800011b   Thumb Code     0  startup_stm32f10x_md.o(.text)
    USB_HP_CAN1_TX_IRQHandler                0x0800011b   Thumb Code     0  startup_stm32f10x_md.o(.text)
    USB_LP_CAN1_RX0_IRQHandler               0x0800011b   Thumb Code     0  startup_stm32f10x_md.o(.text)
    WWDG_IRQHandler                          0x0800011b   Thumb Code     0  startup_stm32f10x_md.o(.text)
    mktime                                   0x08000125   Thumb Code   150  mktime.o(.text)
    __aeabi_memcpy                           0x080001cd   Thumb Code    36  memcpya.o(.text)
    __aeabi_memcpy4                          0x080001cd   Thumb Code     0  memcpya.o(.text)
    __aeabi_memcpy8                          0x080001cd   Thumb Code     0  memcpya.o(.text)
    strncmp                                  0x080001f1   Thumb Code    30  strncmp.o(.text)
    atoi                                     0x0800020f   Thumb Code    26  atoi.o(.text)
    __aeabi_uidiv                            0x08000229   Thumb Code     0  uidiv.o(.text)
    __aeabi_uidivmod                         0x08000229   Thumb Code    44  uidiv.o(.text)
    __aeabi_uldivmod                         0x08000255   Thumb Code    98  uldiv.o(.text)
    localtime                                0x080002b9   Thumb Code     6  localtime_w.o(.text)
    _localtime                               0x080002c5   Thumb Code   134  localtime_i.o(.text)
    strtol                                   0x08000351   Thumb Code   112  strtol.o(.text)
    __I$use$fp                               0x080003c1   Thumb Code     0  iusefp.o(.text)
    __aeabi_dadd                             0x080003c1   Thumb Code   322  dadd.o(.text)
    __aeabi_dsub                             0x08000503   Thumb Code     6  dadd.o(.text)
    __aeabi_drsub                            0x08000509   Thumb Code     6  dadd.o(.text)
    __aeabi_dmul                             0x0800050f   Thumb Code   228  dmul.o(.text)
    __aeabi_ddiv                             0x080005f3   Thumb Code   222  ddiv.o(.text)
    __aeabi_d2ulz                            0x080006d1   Thumb Code    48  dfixul.o(.text)
    __aeabi_cdrcmple                         0x08000701   Thumb Code    48  cdrcmple.o(.text)
    __scatterload                            0x08000731   Thumb Code    28  init.o(.text)
    __scatterload_rt2                        0x08000731   Thumb Code     0  init.o(.text)
    __aeabi_llsl                             0x08000755   Thumb Code    30  llshl.o(.text)
    _ll_shift_l                              0x08000755   Thumb Code     0  llshl.o(.text)
    __aeabi_llsr                             0x08000773   Thumb Code    32  llushr.o(.text)
    _ll_ushift_r                             0x08000773   Thumb Code     0  llushr.o(.text)
    __aeabi_lasr                             0x08000793   Thumb Code    36  llsshr.o(.text)
    _ll_sshift_r                             0x08000793   Thumb Code     0  llsshr.o(.text)
    __rt_ctype_table                         0x080007b9   Thumb Code     4  ctype_o.o(.text)
    _strtoul                                 0x080007c1   Thumb Code   158  _strtoul.o(.text)
    _double_round                            0x0800085f   Thumb Code    30  depilogue.o(.text)
    _double_epilogue                         0x0800087d   Thumb Code   156  depilogue.o(.text)
    _chval                                   0x08000919   Thumb Code    28  _chval.o(.text)
    BKP_ReadBackupRegister                   0x08000935   Thumb Code    24  stm32f10x_bkp.o(i.BKP_ReadBackupRegister)
    BKP_WriteBackupRegister                  0x08000951   Thumb Code    22  stm32f10x_bkp.o(i.BKP_WriteBackupRegister)
    BusFault_Handler                         0x0800096d   Thumb Code     4  stm32f10x_it.o(i.BusFault_Handler)
    DebugMon_Handler                         0x08000971   Thumb Code     2  stm32f10x_it.o(i.DebugMon_Handler)
    Delay_ms                                 0x08000973   Thumb Code    24  delay.o(i.Delay_ms)
    Delay_s                                  0x0800098b   Thumb Code    24  delay.o(i.Delay_s)
    Delay_us                                 0x080009a3   Thumb Code    46  delay.o(i.Delay_us)
    EXTI15_10_IRQHandler                     0x080009d1   Thumb Code    34  countsenser.o(i.EXTI15_10_IRQHandler)
    EXTI1_IRQHandler                         0x080009f9   Thumb Code    24  key.o(i.EXTI1_IRQHandler)
    EXTI4_IRQHandler                         0x08000a15   Thumb Code    26  key.o(i.EXTI4_IRQHandler)
    EXTI9_5_IRQHandler                       0x08000a35   Thumb Code    26  key.o(i.EXTI9_5_IRQHandler)
    EXTI_ClearITPendingBit                   0x08000a55   Thumb Code     6  stm32f10x_exti.o(i.EXTI_ClearITPendingBit)
    EXTI_GetITStatus                         0x08000a61   Thumb Code    34  stm32f10x_exti.o(i.EXTI_GetITStatus)
    EXTI_Init                                0x08000a89   Thumb Code   142  stm32f10x_exti.o(i.EXTI_Init)
    FingerApp_Delete                         0x08000b1d   Thumb Code    24  fingerapp.o(i.FingerApp_Delete)
    FingerApp_Enroll                         0x08000b55   Thumb Code    24  fingerapp.o(i.FingerApp_Enroll)
    FingerApp_Unlock                         0x08000b8d   Thumb Code   212  fingerapp.o(i.FingerApp_Unlock)
    FingerSerial_Init                        0x08000db5   Thumb Code   126  fingerserial.o(i.FingerSerial_Init)
    Finger_GenChar                           0x08000e3d   Thumb Code    76  finger.o(i.Finger_GenChar)
    Finger_GetImage                          0x08000e8d   Thumb Code    36  finger.o(i.Finger_GetImage)
    Finger_ReadByte                          0x08000eb5   Thumb Code    26  fingerserial.o(i.Finger_ReadByte)
    Finger_SendArray                         0x08000ed5   Thumb Code    26  fingerserial.o(i.Finger_SendArray)
    Finger_SendByte                          0x08000ef1   Thumb Code    28  fingerserial.o(i.Finger_SendByte)
    Finger_WaitRelease                       0x08000f11   Thumb Code    26  finger.o(i.Finger_WaitRelease)
    GPIO_EXTILineConfig                      0x08000f2d   Thumb Code    60  stm32f10x_gpio.o(i.GPIO_EXTILineConfig)
    GPIO_Init                                0x08000f6d   Thumb Code   278  stm32f10x_gpio.o(i.GPIO_Init)
    GPIO_WriteBit                            0x08001083   Thumb Code    10  stm32f10x_gpio.o(i.GPIO_WriteBit)
    HardFault_Handler                        0x0800108d   Thumb Code     4  stm32f10x_it.o(i.HardFault_Handler)
    Key_GetNum                               0x08001091   Thumb Code    16  key.o(i.Key_GetNum)
    Key_Init                                 0x080010a5   Thumb Code   176  key.o(i.Key_Init)
    Lock_Init                                0x08001159   Thumb Code    12  lock.o(i.Lock_Init)
    Lock_Lock                                0x08001165   Thumb Code    12  lock.o(i.Lock_Lock)
    Lock_Unlock                              0x08001171   Thumb Code    12  lock.o(i.Lock_Unlock)
    Lock_UnlockForSeconds                    0x0800117d   Thumb Code    20  lock.o(i.Lock_UnlockForSeconds)
    MemManage_Handler                        0x08001191   Thumb Code     4  stm32f10x_it.o(i.MemManage_Handler)
    MyRTC_Init                               0x08001225   Thumb Code   118  myrtc.o(i.MyRTC_Init)
    MyRTC_ReadTime                           0x0800129d   Thumb Code    68  myrtc.o(i.MyRTC_ReadTime)
    MyRTC_SetTime                            0x080012e5   Thumb Code    70  myrtc.o(i.MyRTC_SetTime)
    NMI_Handler                              0x08001331   Thumb Code     2  stm32f10x_it.o(i.NMI_Handler)
    NVIC_Init                                0x08001335   Thumb Code   100  misc.o(i.NVIC_Init)
    NVIC_PriorityGroupConfig                 0x080013a5   Thumb Code    10  misc.o(i.NVIC_PriorityGroupConfig)
    OLED_Clear                               0x080013b9   Thumb Code    42  oled.o(i.OLED_Clear)
    OLED_I2C_Init                            0x080013e5   Thumb Code    76  oled.o(i.OLED_I2C_Init)
    OLED_I2C_SendByte                        0x08001435   Thumb Code    80  oled.o(i.OLED_I2C_SendByte)
    OLED_I2C_Start                           0x08001489   Thumb Code    48  oled.o(i.OLED_I2C_Start)
    OLED_I2C_Stop                            0x080014bd   Thumb Code    36  oled.o(i.OLED_I2C_Stop)
    OLED_Init                                0x080014e5   Thumb Code   174  oled.o(i.OLED_Init)
    OLED_Pow                                 0x08001593   Thumb Code    20  oled.o(i.OLED_Pow)
    OLED_SetCursor                           0x080015a7   Thumb Code    34  oled.o(i.OLED_SetCursor)
    OLED_ShowChar                            0x080015c9   Thumb Code   110  oled.o(i.OLED_ShowChar)
    OLED_ShowNum                             0x0800163d   Thumb Code    68  oled.o(i.OLED_ShowNum)
    OLED_ShowString                          0x08001681   Thumb Code    40  oled.o(i.OLED_ShowString)
    OLED_WriteCommand                        0x080016a9   Thumb Code    32  oled.o(i.OLED_WriteCommand)
    OLED_WriteData                           0x080016c9   Thumb Code    32  oled.o(i.OLED_WriteData)
    PWM_Init                                 0x080016e9   Thumb Code   140  pwm.o(i.PWM_Init)
    PWM_SetCompare3                          0x0800177d   Thumb Code    14  pwm.o(i.PWM_SetCompare3)
    PWR_BackupAccessCmd                      0x08001791   Thumb Code     6  stm32f10x_pwr.o(i.PWR_BackupAccessCmd)
    Page_Execute                             0x0800179d   Thumb Code    62  page.o(i.Page_Execute)
    Page_Init                                0x080017e1   Thumb Code    18  page.o(i.Page_Init)
    Page_Next                                0x080017f9   Thumb Code    30  page.o(i.Page_Next)
    Page_Prev                                0x0800181d   Thumb Code    30  page.o(i.Page_Prev)
    Page_UpdateTime                          0x0800192d   Thumb Code   124  page.o(i.Page_UpdateTime)
    PendSV_Handler                           0x080019b5   Thumb Code     2  stm32f10x_it.o(i.PendSV_Handler)
    RCC_APB1PeriphClockCmd                   0x080019b9   Thumb Code    26  stm32f10x_rcc.o(i.RCC_APB1PeriphClockCmd)
    RCC_APB2PeriphClockCmd                   0x080019d9   Thumb Code    26  stm32f10x_rcc.o(i.RCC_APB2PeriphClockCmd)
    RCC_GetClocksFreq                        0x080019f9   Thumb Code   192  stm32f10x_rcc.o(i.RCC_GetClocksFreq)
    RCC_GetFlagStatus                        0x08001acd   Thumb Code    56  stm32f10x_rcc.o(i.RCC_GetFlagStatus)
    RCC_LSEConfig                            0x08001b09   Thumb Code    46  stm32f10x_rcc.o(i.RCC_LSEConfig)
    RCC_RTCCLKCmd                            0x08001b3d   Thumb Code     6  stm32f10x_rcc.o(i.RCC_RTCCLKCmd)
    RCC_RTCCLKConfig                         0x08001b49   Thumb Code    12  stm32f10x_rcc.o(i.RCC_RTCCLKConfig)
    RTC_EnterConfigMode                      0x08001b59   Thumb Code    14  stm32f10x_rtc.o(i.RTC_EnterConfigMode)
    RTC_ExitConfigMode                       0x08001b6d   Thumb Code    16  stm32f10x_rtc.o(i.RTC_ExitConfigMode)
    RTC_GetCounter                           0x08001b81   Thumb Code    16  stm32f10x_rtc.o(i.RTC_GetCounter)
    RTC_SetCounter                           0x08001b95   Thumb Code    24  stm32f10x_rtc.o(i.RTC_SetCounter)
    RTC_SetPrescaler                         0x08001bb1   Thumb Code    26  stm32f10x_rtc.o(i.RTC_SetPrescaler)
    RTC_WaitForLastTask                      0x08001bd1   Thumb Code    16  stm32f10x_rtc.o(i.RTC_WaitForLastTask)
    RTC_WaitForSynchro                       0x08001be5   Thumb Code    30  stm32f10x_rtc.o(i.RTC_WaitForSynchro)
    SVC_Handler                              0x08001c09   Thumb Code     2  stm32f10x_it.o(i.SVC_Handler)
    Serial_Init                              0x08001c0d   Thumb Code   156  serial.o(i.Serial_Init)
    Serial_Printf                            0x08001cb1   Thumb Code    36  serial.o(i.Serial_Printf)
    Serial_SendByte                          0x08001cd5   Thumb Code    28  serial.o(i.Serial_SendByte)
    Serial_SendString                        0x08001cf5   Thumb Code    26  serial.o(i.Serial_SendString)
    SysTick_Handler                          0x08001df9   Thumb Code     2  stm32f10x_it.o(i.SysTick_Handler)
    SystemInit                               0x08001dfd   Thumb Code    78  system_stm32f10x.o(i.SystemInit)
    TIM_Cmd                                  0x08001e5d   Thumb Code    24  stm32f10x_tim.o(i.TIM_Cmd)
    TIM_InternalClockConfig                  0x08001e75   Thumb Code    12  stm32f10x_tim.o(i.TIM_InternalClockConfig)
    TIM_OC3Init                              0x08001e81   Thumb Code   150  stm32f10x_tim.o(i.TIM_OC3Init)
    TIM_OCStructInit                         0x08001f21   Thumb Code    20  stm32f10x_tim.o(i.TIM_OCStructInit)
    TIM_SetCompare3                          0x08001f35   Thumb Code     4  stm32f10x_tim.o(i.TIM_SetCompare3)
    TIM_TimeBaseInit                         0x08001f39   Thumb Code   122  stm32f10x_tim.o(i.TIM_TimeBaseInit)
    USART1_IRQHandler                        0x08001fdd   Thumb Code   124  serial.o(i.USART1_IRQHandler)
    USART_ClearITPendingBit                  0x0800206d   Thumb Code    30  stm32f10x_usart.o(i.USART_ClearITPendingBit)
    USART_Cmd                                0x0800208b   Thumb Code    24  stm32f10x_usart.o(i.USART_Cmd)
    USART_GetFlagStatus                      0x080020a3   Thumb Code    26  stm32f10x_usart.o(i.USART_GetFlagStatus)
    USART_GetITStatus                        0x080020bd   Thumb Code    84  stm32f10x_usart.o(i.USART_GetITStatus)
    USART_Init                               0x08002111   Thumb Code   210  stm32f10x_usart.o(i.USART_Init)
    USART_ReceiveData                        0x080021e9   Thumb Code    10  stm32f10x_usart.o(i.USART_ReceiveData)
    USART_SendData                           0x080021f3   Thumb Code     8  stm32f10x_usart.o(i.USART_SendData)
    UsageFault_Handler                       0x080021fb   Thumb Code     4  stm32f10x_it.o(i.UsageFault_Handler)
    __0vsprintf                              0x08002201   Thumb Code    30  printfa.o(i.__0vsprintf)
    __1vsprintf                              0x08002201   Thumb Code     0  printfa.o(i.__0vsprintf)
    __2vsprintf                              0x08002201   Thumb Code     0  printfa.o(i.__0vsprintf)
    __c89vsprintf                            0x08002201   Thumb Code     0  printfa.o(i.__0vsprintf)
    vsprintf                                 0x08002201   Thumb Code     0  printfa.o(i.__0vsprintf)
    __aeabi_errno_addr                       0x08002225   Thumb Code     4  errno.o(i.__aeabi_errno_addr)
    __rt_errno_addr                          0x08002225   Thumb Code     0  errno.o(i.__aeabi_errno_addr)
    __scatterload_copy                       0x0800222d   Thumb Code    14  handlers.o(i.__scatterload_copy)
    __scatterload_null                       0x0800223b   Thumb Code     2  handlers.o(i.__scatterload_null)
    __scatterload_zeroinit                   0x0800223d   Thumb Code    14  handlers.o(i.__scatterload_zeroinit)
    main                                     0x08002b09   Thumb Code    84  main.o(i.main)
    OLED_F8x16                               0x08002b68   Data        1520  oled.o(.constdata)
    __ctype_table                            0x08003170   Data         129  ctype_o.o(.constdata)
    Region$$Table$$Base                      0x08003228   Number         0  anon$$obj.o(Region$$Table)
    Region$$Table$$Limit                     0x08003248   Number         0  anon$$obj.o(Region$$Table)
    MyRTC_Time                               0x20000014   Data          12  myrtc.o(.data)
    CountSenser_Count                        0x20000054   Data           2  countsenser.o(.data)
    Serial_TxPacket                          0x20000056   Data           4  serial.o(.data)
    Serial_RxPacket                          0x2000005a   Data           4  serial.o(.data)
    HexRxFlag                                0x2000005e   Data           1  serial.o(.data)
    TextRxFlag                               0x2000005f   Data           1  serial.o(.data)
    GetImage_CMD                             0x20000062   Data          12  finger.o(.data)
    GenChar_CMD                              0x2000006e   Data          13  finger.o(.data)
    __initial_sp                             0x200004b0   Data           0  startup_stm32f10x_md.o(STACK)



==============================================================================

Memory Map of the image

  Image Entry point : 0x080000ed

  Load Region LR_IROM1 (Base: 0x08000000, Size: 0x000032c8, Max: 0x00010000, ABSOLUTE)

    Execution Region ER_IROM1 (Exec base: 0x08000000, Load base: 0x08000000, Size: 0x00003248, Max: 0x00010000, ABSOLUTE)

    Exec Addr    Load Addr    Size         Type   Attr      Idx    E Section Name        Object

    0x08000000   0x08000000   0x000000ec   Data   RO           19    RESET               startup_stm32f10x_md.o
    0x080000ec   0x080000ec   0x00000000   Code   RO         3924  * .ARM.Collect$$$$00000000  mc_w.l(entry.o)
    0x080000ec   0x080000ec   0x00000004   Code   RO         3970    .ARM.Collect$$$$00000001  mc_w.l(entry2.o)
    0x080000f0   0x080000f0   0x00000004   Code   RO         3973    .ARM.Collect$$$$00000004  mc_w.l(entry5.o)
    0x080000f4   0x080000f4   0x00000000   Code   RO         3975    .ARM.Collect$$$$00000008  mc_w.l(entry7b.o)
    0x080000f4   0x080000f4   0x00000000   Code   RO         3977    .ARM.Collect$$$$0000000A  mc_w.l(entry8b.o)
    0x080000f4   0x080000f4   0x00000008   Code   RO         3978    .ARM.Collect$$$$0000000B  mc_w.l(entry9a.o)
    0x080000fc   0x080000fc   0x00000000   Code   RO         3980    .ARM.Collect$$$$0000000D  mc_w.l(entry10a.o)
    0x080000fc   0x080000fc   0x00000000   Code   RO         3982    .ARM.Collect$$$$0000000F  mc_w.l(entry11a.o)
    0x080000fc   0x080000fc   0x00000004   Code   RO         3971    .ARM.Collect$$$$00002712  mc_w.l(entry2.o)
    0x08000100   0x08000100   0x00000024   Code   RO           20    .text               startup_stm32f10x_md.o
    0x08000124   0x08000124   0x000000a8   Code   RO         3931    .text               mc_w.l(mktime.o)
    0x080001cc   0x080001cc   0x00000024   Code   RO         3934    .text               mc_w.l(memcpya.o)
    0x080001f0   0x080001f0   0x0000001e   Code   RO         3936    .text               mc_w.l(strncmp.o)
    0x0800020e   0x0800020e   0x0000001a   Code   RO         3968    .text               mc_w.l(atoi.o)
    0x08000228   0x08000228   0x0000002c   Code   RO         3985    .text               mc_w.l(uidiv.o)
    0x08000254   0x08000254   0x00000062   Code   RO         3987    .text               mc_w.l(uldiv.o)
    0x080002b6   0x080002b6   0x00000002   PAD
    0x080002b8   0x080002b8   0x0000000c   Code   RO         3989    .text               mc_w.l(localtime_w.o)
    0x080002c4   0x080002c4   0x0000008c   Code   RO         3992    .text               mc_w.l(localtime_i.o)
    0x08000350   0x08000350   0x00000070   Code   RO         4002    .text               mc_w.l(strtol.o)
    0x080003c0   0x080003c0   0x00000000   Code   RO         4004    .text               mc_w.l(iusefp.o)
    0x080003c0   0x080003c0   0x0000014e   Code   RO         4005    .text               mf_w.l(dadd.o)
    0x0800050e   0x0800050e   0x000000e4   Code   RO         4007    .text               mf_w.l(dmul.o)
    0x080005f2   0x080005f2   0x000000de   Code   RO         4009    .text               mf_w.l(ddiv.o)
    0x080006d0   0x080006d0   0x00000030   Code   RO         4011    .text               mf_w.l(dfixul.o)
    0x08000700   0x08000700   0x00000030   Code   RO         4013    .text               mf_w.l(cdrcmple.o)
    0x08000730   0x08000730   0x00000024   Code   RO         4015    .text               mc_w.l(init.o)
    0x08000754   0x08000754   0x0000001e   Code   RO         4017    .text               mc_w.l(llshl.o)
    0x08000772   0x08000772   0x00000020   Code   RO         4019    .text               mc_w.l(llushr.o)
    0x08000792   0x08000792   0x00000024   Code   RO         4021    .text               mc_w.l(llsshr.o)
    0x080007b6   0x080007b6   0x00000002   PAD
    0x080007b8   0x080007b8   0x00000008   Code   RO         4023    .text               mc_w.l(ctype_o.o)
    0x080007c0   0x080007c0   0x0000009e   Code   RO         4051    .text               mc_w.l(_strtoul.o)
    0x0800085e   0x0800085e   0x000000ba   Code   RO         4053    .text               mf_w.l(depilogue.o)
    0x08000918   0x08000918   0x0000001c   Code   RO         4055    .text               mc_w.l(_chval.o)
    0x08000934   0x08000934   0x0000001c   Code   RO          431    i.BKP_ReadBackupRegister  stm32f10x_bkp.o
    0x08000950   0x08000950   0x0000001c   Code   RO          435    i.BKP_WriteBackupRegister  stm32f10x_bkp.o
    0x0800096c   0x0800096c   0x00000004   Code   RO         3861    i.BusFault_Handler  stm32f10x_it.o
    0x08000970   0x08000970   0x00000002   Code   RO         3862    i.DebugMon_Handler  stm32f10x_it.o
    0x08000972   0x08000972   0x00000018   Code   RO         3196    i.Delay_ms          delay.o
    0x0800098a   0x0800098a   0x00000018   Code   RO         3197    i.Delay_s           delay.o
    0x080009a2   0x080009a2   0x0000002e   Code   RO         3198    i.Delay_us          delay.o
    0x080009d0   0x080009d0   0x00000028   Code   RO         3652    i.EXTI15_10_IRQHandler  countsenser.o
    0x080009f8   0x080009f8   0x0000001c   Code   RO         3453    i.EXTI1_IRQHandler  key.o
    0x08000a14   0x08000a14   0x00000020   Code   RO         3454    i.EXTI4_IRQHandler  key.o
    0x08000a34   0x08000a34   0x00000020   Code   RO         3455    i.EXTI9_5_IRQHandler  key.o
    0x08000a54   0x08000a54   0x0000000c   Code   RO          985    i.EXTI_ClearITPendingBit  stm32f10x_exti.o
    0x08000a60   0x08000a60   0x00000028   Code   RO          989    i.EXTI_GetITStatus  stm32f10x_exti.o
    0x08000a88   0x08000a88   0x00000094   Code   RO          990    i.EXTI_Init         stm32f10x_exti.o
    0x08000b1c   0x08000b1c   0x00000038   Code   RO         3365    i.FingerApp_Delete  fingerapp.o
    0x08000b54   0x08000b54   0x00000038   Code   RO         3366    i.FingerApp_Enroll  fingerapp.o
    0x08000b8c   0x08000b8c   0x00000204   Code   RO         3367    i.FingerApp_Unlock  fingerapp.o
    0x08000d90   0x08000d90   0x00000022   Code   RO         3368    i.FingerApp_WaitSecondImage  fingerapp.o
    0x08000db2   0x08000db2   0x00000002   PAD
    0x08000db4   0x08000db4   0x00000088   Code   RO         3766    i.FingerSerial_Init  fingerserial.o
    0x08000e3c   0x08000e3c   0x00000050   Code   RO         3796    i.Finger_GenChar    finger.o
    0x08000e8c   0x08000e8c   0x00000028   Code   RO         3797    i.Finger_GetImage   finger.o
    0x08000eb4   0x08000eb4   0x00000020   Code   RO         3767    i.Finger_ReadByte   fingerserial.o
    0x08000ed4   0x08000ed4   0x0000001a   Code   RO         3768    i.Finger_SendArray  fingerserial.o
    0x08000eee   0x08000eee   0x00000002   PAD
    0x08000ef0   0x08000ef0   0x00000020   Code   RO         3769    i.Finger_SendByte   fingerserial.o
    0x08000f10   0x08000f10   0x0000001a   Code   RO         3798    i.Finger_WaitRelease  finger.o
    0x08000f2a   0x08000f2a   0x00000002   PAD
    0x08000f2c   0x08000f2c   0x00000040   Code   RO         1344    i.GPIO_EXTILineConfig  stm32f10x_gpio.o
    0x08000f6c   0x08000f6c   0x00000116   Code   RO         1347    i.GPIO_Init         stm32f10x_gpio.o
    0x08001082   0x08001082   0x0000000a   Code   RO         1358    i.GPIO_WriteBit     stm32f10x_gpio.o
    0x0800108c   0x0800108c   0x00000004   Code   RO         3863    i.HardFault_Handler  stm32f10x_it.o
    0x08001090   0x08001090   0x00000014   Code   RO         3456    i.Key_GetNum        key.o
    0x080010a4   0x080010a4   0x000000b4   Code   RO         3457    i.Key_Init          key.o
    0x08001158   0x08001158   0x0000000c   Code   RO         3329    i.Lock_Init         lock.o
    0x08001164   0x08001164   0x0000000c   Code   RO         3330    i.Lock_Lock         lock.o
    0x08001170   0x08001170   0x0000000c   Code   RO         3331    i.Lock_Unlock       lock.o
    0x0800117c   0x0800117c   0x00000014   Code   RO         3332    i.Lock_UnlockForSeconds  lock.o
    0x08001190   0x08001190   0x00000004   Code   RO         3864    i.MemManage_Handler  stm32f10x_it.o
    0x08001194   0x08001194   0x00000060   Code   RO         3220    i.MyRTC_GetCompileTime  myrtc.o
    0x080011f4   0x080011f4   0x00000030   Code   RO         3221    i.MyRTC_GetMonth    myrtc.o
    0x08001224   0x08001224   0x00000076   Code   RO         3222    i.MyRTC_Init        myrtc.o
    0x0800129a   0x0800129a   0x00000002   PAD
    0x0800129c   0x0800129c   0x00000048   Code   RO         3223    i.MyRTC_ReadTime    myrtc.o
    0x080012e4   0x080012e4   0x0000004c   Code   RO         3224    i.MyRTC_SetTime     myrtc.o
    0x08001330   0x08001330   0x00000002   Code   RO         3865    i.NMI_Handler       stm32f10x_it.o
    0x08001332   0x08001332   0x00000002   PAD
    0x08001334   0x08001334   0x00000070   Code   RO          137    i.NVIC_Init         misc.o
    0x080013a4   0x080013a4   0x00000014   Code   RO          138    i.NVIC_PriorityGroupConfig  misc.o
    0x080013b8   0x080013b8   0x0000002a   Code   RO         3542    i.OLED_Clear        oled.o
    0x080013e2   0x080013e2   0x00000002   PAD
    0x080013e4   0x080013e4   0x00000050   Code   RO         3543    i.OLED_I2C_Init     oled.o
    0x08001434   0x08001434   0x00000054   Code   RO         3544    i.OLED_I2C_SendByte  oled.o
    0x08001488   0x08001488   0x00000034   Code   RO         3545    i.OLED_I2C_Start    oled.o
    0x080014bc   0x080014bc   0x00000028   Code   RO         3546    i.OLED_I2C_Stop     oled.o
    0x080014e4   0x080014e4   0x000000ae   Code   RO         3547    i.OLED_Init         oled.o
    0x08001592   0x08001592   0x00000014   Code   RO         3548    i.OLED_Pow          oled.o
    0x080015a6   0x080015a6   0x00000022   Code   RO         3549    i.OLED_SetCursor    oled.o
    0x080015c8   0x080015c8   0x00000074   Code   RO         3551    i.OLED_ShowChar     oled.o
    0x0800163c   0x0800163c   0x00000044   Code   RO         3553    i.OLED_ShowNum      oled.o
    0x08001680   0x08001680   0x00000028   Code   RO         3555    i.OLED_ShowString   oled.o
    0x080016a8   0x080016a8   0x00000020   Code   RO         3556    i.OLED_WriteCommand  oled.o
    0x080016c8   0x080016c8   0x00000020   Code   RO         3557    i.OLED_WriteData    oled.o
    0x080016e8   0x080016e8   0x00000094   Code   RO         3677    i.PWM_Init          pwm.o
    0x0800177c   0x0800177c   0x00000014   Code   RO         3678    i.PWM_SetCompare3   pwm.o
    0x08001790   0x08001790   0x0000000c   Code   RO         1710    i.PWR_BackupAccessCmd  stm32f10x_pwr.o
    0x0800179c   0x0800179c   0x00000044   Code   RO         3270    i.Page_Execute      page.o
    0x080017e0   0x080017e0   0x00000018   Code   RO         3271    i.Page_Init         page.o
    0x080017f8   0x080017f8   0x00000024   Code   RO         3272    i.Page_Next         page.o
    0x0800181c   0x0800181c   0x00000024   Code   RO         3273    i.Page_Prev         page.o
    0x08001840   0x08001840   0x000000ec   Code   RO         3274    i.Page_Show         page.o
    0x0800192c   0x0800192c   0x00000088   Code   RO         3275    i.Page_UpdateTime   page.o
    0x080019b4   0x080019b4   0x00000002   Code   RO         3866    i.PendSV_Handler    stm32f10x_it.o
    0x080019b6   0x080019b6   0x00000002   PAD
    0x080019b8   0x080019b8   0x00000020   Code   RO         1775    i.RCC_APB1PeriphClockCmd  stm32f10x_rcc.o
    0x080019d8   0x080019d8   0x00000020   Code   RO         1777    i.RCC_APB2PeriphClockCmd  stm32f10x_rcc.o
    0x080019f8   0x080019f8   0x000000d4   Code   RO         1785    i.RCC_GetClocksFreq  stm32f10x_rcc.o
    0x08001acc   0x08001acc   0x0000003c   Code   RO         1786    i.RCC_GetFlagStatus  stm32f10x_rcc.o
    0x08001b08   0x08001b08   0x00000034   Code   RO         1793    i.RCC_LSEConfig     stm32f10x_rcc.o
    0x08001b3c   0x08001b3c   0x0000000c   Code   RO         1800    i.RCC_RTCCLKCmd     stm32f10x_rcc.o
    0x08001b48   0x08001b48   0x00000010   Code   RO         1801    i.RCC_RTCCLKConfig  stm32f10x_rcc.o
    0x08001b58   0x08001b58   0x00000014   Code   RO         1978    i.RTC_EnterConfigMode  stm32f10x_rtc.o
    0x08001b6c   0x08001b6c   0x00000014   Code   RO         1979    i.RTC_ExitConfigMode  stm32f10x_rtc.o
    0x08001b80   0x08001b80   0x00000014   Code   RO         1980    i.RTC_GetCounter    stm32f10x_rtc.o
    0x08001b94   0x08001b94   0x0000001c   Code   RO         1986    i.RTC_SetCounter    stm32f10x_rtc.o
    0x08001bb0   0x08001bb0   0x00000020   Code   RO         1987    i.RTC_SetPrescaler  stm32f10x_rtc.o
    0x08001bd0   0x08001bd0   0x00000014   Code   RO         1988    i.RTC_WaitForLastTask  stm32f10x_rtc.o
    0x08001be4   0x08001be4   0x00000024   Code   RO         1989    i.RTC_WaitForSynchro  stm32f10x_rtc.o
    0x08001c08   0x08001c08   0x00000002   Code   RO         3867    i.SVC_Handler       stm32f10x_it.o
    0x08001c0a   0x08001c0a   0x00000002   PAD
    0x08001c0c   0x08001c0c   0x000000a4   Code   RO         3696    i.Serial_Init       serial.o
    0x08001cb0   0x08001cb0   0x00000024   Code   RO         3697    i.Serial_Printf     serial.o
    0x08001cd4   0x08001cd4   0x00000020   Code   RO         3699    i.Serial_SendByte   serial.o
    0x08001cf4   0x08001cf4   0x0000001a   Code   RO         3701    i.Serial_SendString  serial.o
    0x08001d0e   0x08001d0e   0x00000008   Code   RO           24    i.SetSysClock       system_stm32f10x.o
    0x08001d16   0x08001d16   0x00000002   PAD
    0x08001d18   0x08001d18   0x000000e0   Code   RO           25    i.SetSysClockTo72   system_stm32f10x.o
    0x08001df8   0x08001df8   0x00000002   Code   RO         3868    i.SysTick_Handler   stm32f10x_it.o
    0x08001dfa   0x08001dfa   0x00000002   PAD
    0x08001dfc   0x08001dfc   0x00000060   Code   RO           27    i.SystemInit        system_stm32f10x.o
    0x08001e5c   0x08001e5c   0x00000018   Code   RO         2421    i.TIM_Cmd           stm32f10x_tim.o
    0x08001e74   0x08001e74   0x0000000c   Code   RO         2448    i.TIM_InternalClockConfig  stm32f10x_tim.o
    0x08001e80   0x08001e80   0x000000a0   Code   RO         2460    i.TIM_OC3Init       stm32f10x_tim.o
    0x08001f20   0x08001f20   0x00000014   Code   RO         2468    i.TIM_OCStructInit  stm32f10x_tim.o
    0x08001f34   0x08001f34   0x00000004   Code   RO         2484    i.TIM_SetCompare3   stm32f10x_tim.o
    0x08001f38   0x08001f38   0x000000a4   Code   RO         2492    i.TIM_TimeBaseInit  stm32f10x_tim.o
    0x08001fdc   0x08001fdc   0x00000090   Code   RO         3702    i.USART1_IRQHandler  serial.o
    0x0800206c   0x0800206c   0x0000001e   Code   RO         2957    i.USART_ClearITPendingBit  stm32f10x_usart.o
    0x0800208a   0x0800208a   0x00000018   Code   RO         2960    i.USART_Cmd         stm32f10x_usart.o
    0x080020a2   0x080020a2   0x0000001a   Code   RO         2963    i.USART_GetFlagStatus  stm32f10x_usart.o
    0x080020bc   0x080020bc   0x00000054   Code   RO         2964    i.USART_GetITStatus  stm32f10x_usart.o
    0x08002110   0x08002110   0x000000d8   Code   RO         2967    i.USART_Init        stm32f10x_usart.o
    0x080021e8   0x080021e8   0x0000000a   Code   RO         2974    i.USART_ReceiveData  stm32f10x_usart.o
    0x080021f2   0x080021f2   0x00000008   Code   RO         2977    i.USART_SendData    stm32f10x_usart.o
    0x080021fa   0x080021fa   0x00000004   Code   RO         3869    i.UsageFault_Handler  stm32f10x_it.o
    0x080021fe   0x080021fe   0x00000002   PAD
    0x08002200   0x08002200   0x00000024   Code   RO         3947    i.__0vsprintf       mc_w.l(printfa.o)
    0x08002224   0x08002224   0x00000008   Code   RO         3995    i.__aeabi_errno_addr  mc_w.l(errno.o)
    0x0800222c   0x0800222c   0x0000000e   Code   RO         4059    i.__scatterload_copy  mc_w.l(handlers.o)
    0x0800223a   0x0800223a   0x00000002   Code   RO         4060    i.__scatterload_null  mc_w.l(handlers.o)
    0x0800223c   0x0800223c   0x0000000e   Code   RO         4061    i.__scatterload_zeroinit  mc_w.l(handlers.o)
    0x0800224a   0x0800224a   0x00000002   PAD
    0x0800224c   0x0800224c   0x00000184   Code   RO         3948    i._fp_digits        mc_w.l(printfa.o)
    0x080023d0   0x080023d0   0x000006dc   Code   RO         3949    i._printf_core      mc_w.l(printfa.o)
    0x08002aac   0x08002aac   0x00000024   Code   RO         3950    i._printf_post_padding  mc_w.l(printfa.o)
    0x08002ad0   0x08002ad0   0x0000002e   Code   RO         3951    i._printf_pre_padding  mc_w.l(printfa.o)
    0x08002afe   0x08002afe   0x0000000a   Code   RO         3953    i._sputc            mc_w.l(printfa.o)
    0x08002b08   0x08002b08   0x00000060   Code   RO         3833    i.main              main.o
    0x08002b68   0x08002b68   0x000005f0   Data   RO         3558    .constdata          oled.o
    0x08003158   0x08003158   0x0000000c   Data   RO         3932    .constdata          mc_w.l(mktime.o)
    0x08003164   0x08003164   0x0000000c   Data   RO         3993    .constdata          mc_w.l(localtime_i.o)
    0x08003170   0x08003170   0x00000081   Data   RO         4024    .constdata          mc_w.l(ctype_o.o)
    0x080031f1   0x080031f1   0x00000003   PAD
    0x080031f4   0x080031f4   0x00000004   Data   RO         4025    .constdata          mc_w.l(ctype_o.o)
    0x080031f8   0x080031f8   0x00000030   Data   RO         3225    .conststring        myrtc.o
    0x08003228   0x08003228   0x00000020   Data   RO         4057    Region$$Table       anon$$obj.o


    Execution Region RW_IRAM1 (Exec base: 0x20000000, Load base: 0x08003248, Size: 0x000004b0, Max: 0x00005000, ABSOLUTE)

    Exec Addr    Load Addr    Size         Type   Attr      Idx    E Section Name        Object

    0x20000000   0x08003248   0x00000014   Data   RW         1805    .data               stm32f10x_rcc.o
    0x20000014   0x0800325c   0x0000003c   Data   RW         3226    .data               myrtc.o
    0x20000050   0x08003298   0x00000002   Data   RW         3276    .data               page.o
    0x20000052   0x0800329a   0x00000001   Data   RW         3458    .data               key.o
    0x20000053   0x0800329b   0x00000001   PAD
    0x20000054   0x0800329c   0x00000002   Data   RW         3653    .data               countsenser.o
    0x20000056   0x0800329e   0x0000000c   Data   RW         3705    .data               serial.o
    0x20000062   0x080032aa   0x00000019   Data   RW         3799    .data               finger.o
    0x2000007b   0x080032c3   0x00000001   PAD
    0x2000007c   0x080032c4   0x00000004   Data   RW         3998    .data               mc_w.l(errno.o)
    0x20000080        -       0x0000002c   Zero   RW         3990    .bss                mc_w.l(localtime_w.o)
    0x200000ac   0x080032c8   0x00000004   PAD
    0x200000b0        -       0x00000400   Zero   RW           17    STACK               startup_stm32f10x_md.o


==============================================================================

Image component sizes


      Code (inc. data)   RO Data    RW Data    ZI Data      Debug   Object Name

         0          0          0          0          0       4556   core_cm3.o
        40          6          0          2          0        683   countsenser.o
        94          0          0          0          0       1360   delay.o
       146          8          0         25          0       2291   finger.o
       662        368          0          0          0       1977   fingerapp.o
       226         20          0          0          0       2431   fingerserial.o
       292         24          0          1          0       2783   key.o
        56          0          0          0          0       1722   lock.o
        96         12          0          0          0        503   main.o
       132         22          0          0          0     206827   misc.o
       410         44         48         60          0       4103   myrtc.o
       814         22       1520          0          0       7353   oled.o
       536        140          0          2          0       3257   page.o
       168         14          0          0          0       1077   pwm.o
       402         32          0         12          0       4195   serial.o
        36          8        236          0       1024        764   startup_stm32f10x_md.o
         0          0          0          0          0       1644   stm32f10x_adc.o
        56         10          0          0          0       2043   stm32f10x_bkp.o
       200         18          0          0          0       4028   stm32f10x_exti.o
       352          4          0          0          0      11266   stm32f10x_gpio.o
        26          0          0          0          0       3622   stm32f10x_it.o
        12          6          0          0          0        462   stm32f10x_pwr.o
       416         52          0         20          0      14917   stm32f10x_rcc.o
       176         34          0          0          0       3187   stm32f10x_rtc.o
       384         52          0          0          0      23978   stm32f10x_tim.o
       398          6          0          0          0      11554   stm32f10x_usart.o
       328         28          0          0          0      45109   system_stm32f10x.o

    ----------------------------------------------------------------------
      6480        930       1836        124       1024     367692   Object Totals
         0          0         32          0          0          0   (incl. Generated)
        22          0          0          2          0          0   (incl. Padding)

    ----------------------------------------------------------------------

      Code (inc. data)   RO Data    RW Data    ZI Data      Debug   Library Member Name

        28          0          0          0          0         68   _chval.o
       158          0          0          0          0         92   _strtoul.o
        26          0          0          0          0         80   atoi.o
         8          4        133          0          0         68   ctype_o.o
         0          0          0          0          0          0   entry.o
         0          0          0          0          0          0   entry10a.o
         0          0          0          0          0          0   entry11a.o
         8          4          0          0          0          0   entry2.o
         4          0          0          0          0          0   entry5.o
         0          0          0          0          0          0   entry7b.o
         0          0          0          0          0          0   entry8b.o
         8          4          0          0          0          0   entry9a.o
         8          4          0          4          0         68   errno.o
        30          0          0          0          0          0   handlers.o
        36          8          0          0          0         68   init.o
         0          0          0          0          0          0   iusefp.o
        30          0          0          0          0         68   llshl.o
        36          0          0          0          0         68   llsshr.o
        32          0          0          0          0         68   llushr.o
       140          6         12          0          0         76   localtime_i.o
        12          6          0          0         44         68   localtime_w.o
        36          0          0          0          0         68   memcpya.o
       168         18         12          0          0         80   mktime.o
      2272         86          0          0          0        516   printfa.o
        30          0          0          0          0         80   strncmp.o
       112          0          0          0          0         88   strtol.o
        44          0          0          0          0         80   uidiv.o
        98          0          0          0          0         92   uldiv.o
        48          0          0          0          0         68   cdrcmple.o
       334          0          0          0          0        148   dadd.o
       222          0          0          0          0        100   ddiv.o
       186          0          0          0          0        176   depilogue.o
        48          0          0          0          0         68   dfixul.o
       228          0          0          0          0         96   dmul.o

    ----------------------------------------------------------------------
      4396        140        160          4         48       2452   Library Totals
         6          0          3          0          4          0   (incl. Padding)

    ----------------------------------------------------------------------

      Code (inc. data)   RO Data    RW Data    ZI Data      Debug   Library Name

      3324        140        157          4         44       1796   mc_w.l
      1066          0          0          0          0        656   mf_w.l

    ----------------------------------------------------------------------
      4396        140        160          4         48       2452   Library Totals

    ----------------------------------------------------------------------

==============================================================================


      Code (inc. data)   RO Data    RW Data    ZI Data      Debug   

     10876       1070       1996        128       1072     363744   Grand Totals
     10876       1070       1996        128       1072     363744   ELF Image Totals
     10876       1070       1996        128          0          0   ROM Totals

==============================================================================

    Total RO  Size (Code + RO Data)                12872 (  12.57kB)
    Total RW  Size (RW Data + ZI Data)              1200 (   1.17kB)
    Total ROM Size (Code + RO Data + RW Data)      13000 (  12.70kB)

==============================================================================

